 ray

 Timestamp is 58ceee0c (Sun Mar 19 15:46:04 2017)

 Preferred load address is 00400000

 Start         Length     Name                   Class
 0001:00000000 00000180H .text$di                CODE
 0001:00000180 00086720H .text$mn                CODE
 0001:000868a0 000044c0H .text$x                 CODE
 0001:0008ad60 00000b74H .text$yd                CODE
 0002:00000000 000007b0H .idata$5                DATA
 0002:000007b0 00000004H .00cfg                  DATA
 0002:000007b4 00000004H .CRT$XCA                DATA
 0002:000007b8 00000004H .CRT$XCAA               DATA
 0002:000007bc 00000004H .CRT$XCL                DATA
 0002:000007c0 00000028H .CRT$XCU                DATA
 0002:000007e8 00000004H .CRT$XCZ                DATA
 0002:000007ec 00000004H .CRT$XIA                DATA
 0002:000007f0 00000004H .CRT$XIAA               DATA
 0002:000007f4 00000004H .CRT$XIAC               DATA
 0002:000007f8 00000004H .CRT$XIC                DATA
 0002:000007fc 00000004H .CRT$XIZ                DATA
 0002:00000800 00000004H .CRT$XLA                DATA
 0002:00000804 00000004H .CRT$XLZ                DATA
 0002:00000808 00000004H .CRT$XPA                DATA
 0002:0000080c 00000004H .CRT$XPZ                DATA
 0002:00000810 00000004H .CRT$XTA                DATA
 0002:00000814 0000000cH .CRT$XTZ                DATA
 0002:00000820 00027434H .rdata                  DATA
 0002:00027c54 00000018H .rdata$T                DATA
 0002:00027c6c 00002504H .rdata$r                DATA
 0002:0002a170 00000450H .rdata$sxdata           DATA
 0002:0002a5c0 000003ecH .rdata$zzzdbg           DATA
 0002:0002a9ac 00000004H .rtc$IAA                DATA
 0002:0002a9b0 00000004H .rtc$IZZ                DATA
 0002:0002a9b4 00000004H .rtc$TAA                DATA
 0002:0002a9b8 00000008H .rtc$TZZ                DATA
 0002:0002a9c0 000043ccH .xdata$x                DATA
 0002:0002ed8c 00000000H .edata                  DATA
 0002:0002ed8c 000001e0H .idata$2                DATA
 0002:0002ef6c 00000014H .idata$3                DATA
 0002:0002ef80 000007b0H .idata$4                DATA
 0002:0002f730 0000287cH .idata$6                DATA
 0003:00000000 000028e0H .data                   DATA
 0003:000028e0 00000fd0H .data$r                 DATA
 0003:000038b0 00005710H .bss                    DATA
 0004:00000000 00000058H .gfids$y                DATA
 0005:00000000 00000004H .tls                    DATA
 0005:00000004 00000004H .tls$                   DATA
 0005:00000008 00000001H .tls$ZZZ                DATA
 0006:00000000 00000060H .rsrc$01                DATA
 0006:00000060 00000180H .rsrc$02                DATA

  Address         Publics by Value              Rva+Base       Lib:Object

 0000:00000000       ___guard_iat_table         00000000     <absolute>
 0000:00000000       ___guard_longjmp_count     00000000     <absolute>
 0000:00000000       ___guard_fids_table        00000000     <absolute>
 0000:00000000       ___guard_longjmp_table     00000000     <absolute>
 0000:00000000       ___guard_fids_count        00000000     <absolute>
 0000:00000000       ___guard_iat_count         00000000     <absolute>
 0000:00000000       ___dynamic_value_reloc_table 00000000     <absolute>
 0000:0000002c       __tls_array                0000002c     <absolute>
 0000:00000100       ___guard_flags             00000100     <absolute>
 0000:00000114       ___safe_se_handler_count   00000114     <absolute>
 0000:00000000       ___ImageBase               00400000     <linker-defined>
 0001:00000180       ?GetOption@@YAHHPAPADPAD0@Z 00401180 f   getopt.obj
 0001:00000260       ?getopt@@YAHHPAPADPAD@Z    00401260 f   getopt.obj
 0001:000002a0       ??$?6U?$char_traits@D@std@@@std@@YAAAV?$basic_ostream@DU?$char_traits@D@std@@@0@AAV10@PBD@Z 004012a0 f i main.obj
 0001:000004e0       ??$endl@DU?$char_traits@D@std@@@std@@YAAAV?$basic_ostream@DU?$char_traits@D@std@@@0@AAV10@@Z 004014e0 f i main.obj
 0001:00000510       ??0exception@std@@QAE@ABV01@@Z 00401510 f i main.obj
 0001:00000540       ??1_Sentry_base@?$basic_ostream@DU?$char_traits@D@std@@@std@@QAE@XZ 00401540 f i main.obj
 0001:00000590       ??1exception@std@@UAE@XZ   00401590 f i main.obj
 0001:000005b0       ??1sentry@?$basic_ostream@DU?$char_traits@D@std@@@std@@QAE@XZ 004015b0 f i main.obj
 0001:00000620       ??_Gexception@std@@UAEPAXI@Z 00401620 f i main.obj
 0001:00000620       ??_Eexception@std@@UAEPAXI@Z 00401620 f i main.obj
 0001:00000660       ?what@exception@std@@UBEPBDXZ 00401660 f i main.obj
 0001:00000670       _main                      00401670 f   main.obj
 0001:000007a0       ??$_Eval@V?$mersenne_twister_engine@I$0CA@$0CHA@$0BIN@$0BP@$0JJAILANP@$0L@$0PPPPPPPP@$06$0JNCMFGIA@$0P@$0OPMGAAAA@$0BC@$0GMAHIJGF@@std@@@?$normal_distribution@N@std@@AAENAAV?$mersenne_twister_engine@I$0CA@$0CHA@$0BIN@$0BP@$0JJAILANP@$0L@$0PPPPPPPP@$06$0JNCMFGIA@$0P@$0OPMGAAAA@$0BC@$0GMAHIJGF@@1@ABUparam_type@01@_N@Z 004017a0 f i RayTracer.obj
 0001:00000990       ??$generate_canonical@N$0PPPPPPPP@V?$mersenne_twister_engine@I$0CA@$0CHA@$0BIN@$0BP@$0JJAILANP@$0L@$0PPPPPPPP@$06$0JNCMFGIA@$0P@$0OPMGAAAA@$0BC@$0GMAHIJGF@@std@@@std@@YANAAV?$mersenne_twister_engine@I$0CA@$0CHA@$0BIN@$0BP@$0JJAILANP@$0L@$0PPPPPPPP@$06$0JNCMFGIA@$0P@$0OPMGAAAA@$0BC@$0GMAHIJGF@@0@@Z 00401990 f i RayTracer.obj
 0001:00000ab0       ??$use_facet@V?$codecvt@DDU_Mbstatet@@@std@@@std@@YAABV?$codecvt@DDU_Mbstatet@@@0@ABVlocale@0@@Z 00401ab0 f i RayTracer.obj
 0001:00000bb0       ??0?$basic_ifstream@DU?$char_traits@D@std@@@std@@QAE@PBDHH@Z 00401bb0 f i RayTracer.obj
 0001:00000cc0       ??0?$basic_string@DU?$char_traits@D@std@@V?$allocator@D@2@@std@@QAE@PBD@Z 00401cc0 f i RayTracer.obj
 0001:00000d20       ??0?$fpos@U_Mbstatet@@@std@@QAE@U_Mbstatet@@_J@Z 00401d20 f i RayTracer.obj
 0001:00000d50       ??0?$mersenne_twister_engine@I$0CA@$0CHA@$0BIN@$0BP@$0JJAILANP@$0L@$0PPPPPPPP@$06$0JNCMFGIA@$0P@$0OPMGAAAA@$0BC@$0GMAHIJGF@@std@@QAE@I@Z 00401d50 f i RayTracer.obj
 0001:00000da0       ??0Parser@@QAE@AAVTokenizer@@V?$basic_string@DU?$char_traits@D@std@@V?$allocator@D@2@@std@@@Z 00401da0 f i RayTracer.obj
 0001:00000e50       ??0RayTracer@@QAE@XZ       00401e50 f   RayTracer.obj
 0001:00000ed0       ??0bad_cast@std@@QAE@ABV01@@Z 00401ed0 f i RayTracer.obj
 0001:00000f10       ??1?$basic_filebuf@DU?$char_traits@D@std@@@std@@UAE@XZ 00401f10 f i RayTracer.obj
 0001:00000f90       ??1?$basic_ifstream@DU?$char_traits@D@std@@@std@@UAE@XZ 00401f90 f i RayTracer.obj
 0001:00001040       ??1?$basic_string@DU?$char_traits@D@std@@V?$allocator@D@2@@std@@QAE@XZ 00402040 f i RayTracer.obj
 0001:00001080       ??1?$map@V?$basic_string@DU?$char_traits@D@std@@V?$allocator@D@2@@std@@VMaterial@@U?$less@V?$basic_string@DU?$char_traits@D@std@@V?$allocator@D@2@@std@@@2@V?$allocator@U?$pair@$$CBV?$basic_string@DU?$char_traits@D@std@@V?$allocator@D@2@@std@@VMaterial@@@std@@@2@@std@@QAE@XZ 00402080 f i RayTracer.obj
 0001:000010e0       ??1Parser@@QAE@XZ          004020e0 f i RayTracer.obj
 0001:00001180       ??1RayTracer@@QAE@XZ       00402180 f   RayTracer.obj
 0001:000011a0       ??1TextureMapException@@QAE@XZ 004021a0 f i RayTracer.obj
 0001:000011e0       ??1Tokenizer@@QAE@XZ       004021e0 f i RayTracer.obj
 0001:00001220       ??1bad_cast@std@@UAE@XZ    00402220 f i RayTracer.obj
 0001:00001240       ??1isect@@QAE@XZ           00402240 f i RayTracer.obj
 0001:00001260       ??1locale@std@@QAE@XZ      00402260 f i RayTracer.obj
 0001:000012b0       ??4?$basic_string@DU?$char_traits@D@std@@V?$allocator@D@2@@std@@QAEAAV01@$$QAV01@@Z 004022b0 f i RayTracer.obj
 0001:00001330       ??E?$_Tree_unchecked_const_iterator@V?$_Tree_val@U?$_Tree_simple_types@U?$pair@$$CBV?$basic_string@DU?$char_traits@D@std@@V?$allocator@D@2@@std@@VMaterial@@@std@@@std@@@std@@U_Iterator_base0@2@@std@@QAEAAV01@XZ 00402330 f i RayTracer.obj
 0001:00001380       ??_D?$basic_ifstream@DU?$char_traits@D@std@@@std@@QAEXXZ 00402380 f i RayTracer.obj
 0001:00001394       ??_E?$basic_ifstream@DU?$char_traits@D@std@@@std@@$4PPPPPPPM@A@AEPAXI@Z 00402394 f i RayTracer.obj
 0001:000013a0       ??_E?$basic_filebuf@DU?$char_traits@D@std@@@std@@UAEPAXI@Z 004023a0 f i RayTracer.obj
 0001:000013a0       ??_G?$basic_filebuf@DU?$char_traits@D@std@@@std@@UAEPAXI@Z 004023a0 f i RayTracer.obj
 0001:00001440       ??_G?$basic_ifstream@DU?$char_traits@D@std@@@std@@UAEPAXI@Z 00402440 f i RayTracer.obj
 0001:00001440       ??_E?$basic_ifstream@DU?$char_traits@D@std@@@std@@UAEPAXI@Z 00402440 f i RayTracer.obj
 0001:00001480       ??_Ebad_cast@std@@UAEPAXI@Z 00402480 f i RayTracer.obj
 0001:00001480       ??_Gbad_cast@std@@UAEPAXI@Z 00402480 f i RayTracer.obj
 0001:000014c0       ?_Assign_rv@?$basic_string@DU?$char_traits@D@std@@V?$allocator@D@2@@std@@QAEX$$QAV12@@Z 004024c0 f i RayTracer.obj
 0001:00001530       ?_Buyheadnode@?$_Tree_comp_alloc@V?$_Tmap_traits@V?$basic_string@DU?$char_traits@D@std@@V?$allocator@D@2@@std@@VMaterial@@U?$less@V?$basic_string@DU?$char_traits@D@std@@V?$allocator@D@2@@std@@@2@V?$allocator@U?$pair@$$CBV?$basic_string@DU?$char_traits@D@std@@V?$allocator@D@2@@std@@VMaterial@@@std@@@2@$0A@@std@@@std@@QAEPAU?$_Tree_node@U?$pair@$$CBV?$basic_string@DU?$char_traits@D@std@@V?$allocator@D@2@@std@@VMaterial@@@std@@PAX@2@XZ 00402530 f i RayTracer.obj
 0001:00001570       ?_Chassign@?$basic_string@DU?$char_traits@D@std@@V?$allocator@D@2@@std@@QAEXIID@Z 00402570 f i RayTracer.obj
 0001:000015c0       ?_Copy@?$basic_string@DU?$char_traits@D@std@@V?$allocator@D@2@@std@@QAEXII@Z 004025c0 f i RayTracer.obj
 0001:00001770       ?_Deallocate@std@@YAXPAXII@Z 00402770 f i RayTracer.obj
 0001:000017e0       ?_Endwrite@?$basic_filebuf@DU?$char_traits@D@std@@@std@@IAE_NXZ 004027e0 f i RayTracer.obj
 0001:00001950       ?_Erase@?$_Tree@V?$_Tmap_traits@V?$basic_string@DU?$char_traits@D@std@@V?$allocator@D@2@@std@@VMaterial@@U?$less@V?$basic_string@DU?$char_traits@D@std@@V?$allocator@D@2@@std@@@2@V?$allocator@U?$pair@$$CBV?$basic_string@DU?$char_traits@D@std@@V?$allocator@D@2@@std@@VMaterial@@@std@@@2@$0A@@std@@@std@@IAEXPAU?$_Tree_node@U?$pair@$$CBV?$basic_string@DU?$char_traits@D@std@@V?$allocator@D@2@@std@@VMaterial@@@std@@PAX@2@@Z 00402950 f i RayTracer.obj
 0001:00001a00       ?_Init@?$basic_filebuf@DU?$char_traits@D@std@@@std@@IAEXPAU_iobuf@@W4_Initfl@12@@Z 00402a00 f i RayTracer.obj
 0001:00001a90       ?_Lock@?$basic_filebuf@DU?$char_traits@D@std@@@std@@UAEXXZ 00402a90 f i RayTracer.obj
 0001:00001aa0       ?_Lrotate@?$_Tree@V?$_Tmap_traits@V?$basic_string@DU?$char_traits@D@std@@V?$allocator@D@2@@std@@VMaterial@@U?$less@V?$basic_string@DU?$char_traits@D@std@@V?$allocator@D@2@@std@@@2@V?$allocator@U?$pair@$$CBV?$basic_string@DU?$char_traits@D@std@@V?$allocator@D@2@@std@@VMaterial@@@std@@@2@$0A@@std@@@std@@IAEXPAU?$_Tree_node@U?$pair@$$CBV?$basic_string@DU?$char_traits@D@std@@V?$allocator@D@2@@std@@VMaterial@@@std@@PAX@2@@Z 00402aa0 f i RayTracer.obj
 0001:00001b00       ?_Myptr@?$_String_alloc@U?$_String_base_types@DV?$allocator@D@std@@@std@@@std@@QBEPBDXZ 00402b00 f i RayTracer.obj
 0001:00001b10       ?_Refill_lower@?$mersenne_twister@I$0CA@$0CHA@$0BIN@$0BP@$0JJAILANP@$0L@$06$0JNCMFGIA@$0P@$0OPMGAAAA@$0BC@@std@@IAEXXZ 00402b10 f i RayTracer.obj
 0001:00001be0       ?_Refill_upper@?$mersenne_twister@I$0CA@$0CHA@$0BIN@$0BP@$0JJAILANP@$0L@$06$0JNCMFGIA@$0P@$0OPMGAAAA@$0BC@@std@@IAEXXZ 00402be0 f i RayTracer.obj
 0001:00001c30       ?_Reset_back@?$basic_filebuf@DU?$char_traits@D@std@@@std@@AAEXXZ 00402c30 f i RayTracer.obj
 0001:00001c60       ?_Rrotate@?$_Tree@V?$_Tmap_traits@V?$basic_string@DU?$char_traits@D@std@@V?$allocator@D@2@@std@@VMaterial@@U?$less@V?$basic_string@DU?$char_traits@D@std@@V?$allocator@D@2@@std@@@2@V?$allocator@U?$pair@$$CBV?$basic_string@DU?$char_traits@D@std@@V?$allocator@D@2@@std@@VMaterial@@@std@@@2@$0A@@std@@@std@@IAEXPAU?$_Tree_node@U?$pair@$$CBV?$basic_string@DU?$char_traits@D@std@@V?$allocator@D@2@@std@@VMaterial@@@std@@PAX@2@@Z 00402c60 f i RayTracer.obj
 0001:00001cc0       ?_Set_back@?$basic_filebuf@DU?$char_traits@D@std@@@std@@AAEXXZ 00402cc0 f i RayTracer.obj
 0001:00001d00       ?_Unlock@?$basic_filebuf@DU?$char_traits@D@std@@@std@@UAEXXZ 00402d00 f i RayTracer.obj
 0001:00001d10       ?allocate@?$_Wrap_alloc@V?$allocator@D@std@@@std@@QAEPADI@Z 00402d10 f i RayTracer.obj
 0001:00001d70       ?append@?$basic_string@DU?$char_traits@D@std@@V?$allocator@D@2@@std@@QAEAAV12@ABV12@II@Z 00402d70 f i RayTracer.obj
 0001:00001e60       ?append@?$basic_string@DU?$char_traits@D@std@@V?$allocator@D@2@@std@@QAEAAV12@ID@Z 00402e60 f i RayTracer.obj
 0001:00001f10       ?append@?$basic_string@DU?$char_traits@D@std@@V?$allocator@D@2@@std@@QAEAAV12@PBDI@Z 00402f10 f i RayTracer.obj
 0001:00002030       ?aspectRatio@RayTracer@@QAENXZ 00403030 f   RayTracer.obj
 0001:00002070       ?assign@?$basic_string@DU?$char_traits@D@std@@V?$allocator@D@2@@std@@QAEAAV12@ABV12@II@Z 00403070 f i RayTracer.obj
 0001:00002190       ?assign@?$basic_string@DU?$char_traits@D@std@@V?$allocator@D@2@@std@@QAEAAV12@PBDI@Z 00403190 f i RayTracer.obj
 0001:00002290       ?close@?$basic_filebuf@DU?$char_traits@D@std@@@std@@QAEPAV12@XZ 00403290 f i RayTracer.obj
 0001:00002300       ?erase@?$_Tree@V?$_Tmap_traits@V?$basic_string@DU?$char_traits@D@std@@V?$allocator@D@2@@std@@VMaterial@@U?$less@V?$basic_string@DU?$char_traits@D@std@@V?$allocator@D@2@@std@@@2@V?$allocator@U?$pair@$$CBV?$basic_string@DU?$char_traits@D@std@@V?$allocator@D@2@@std@@VMaterial@@@std@@@2@$0A@@std@@@std@@QAE?AV?$_Tree_iterator@V?$_Tree_val@U?$_Tree_simple_types@U?$pair@$$CBV?$basic_string@DU?$char_traits@D@std@@V?$allocator@D@2@@std@@VMaterial@@@std@@@std@@@std@@@2@V?$_Tree_const_iterator@V?$_Tree_val@U?$_Tree_simple_types@U?$pair@$$CBV?$basic_string@DU?$char_traits@D@std@@V?$allocator@D@2@@std@@VMaterial@@@std@@@std@@@std@@@2@0@Z 00403300 f i RayTracer.obj
 0001:000023f0       ?erase@?$_Tree@V?$_Tmap_traits@V?$basic_string@DU?$char_traits@D@std@@V?$allocator@D@2@@std@@VMaterial@@U?$less@V?$basic_string@DU?$char_traits@D@std@@V?$allocator@D@2@@std@@@2@V?$allocator@U?$pair@$$CBV?$basic_string@DU?$char_traits@D@std@@V?$allocator@D@2@@std@@VMaterial@@@std@@@2@$0A@@std@@@std@@QAE?AV?$_Tree_iterator@V?$_Tree_val@U?$_Tree_simple_types@U?$pair@$$CBV?$basic_string@DU?$char_traits@D@std@@V?$allocator@D@2@@std@@VMaterial@@@std@@@std@@@std@@@2@V?$_Tree_const_iterator@V?$_Tree_val@U?$_Tree_simple_types@U?$pair@$$CBV?$basic_string@DU?$char_traits@D@std@@V?$allocator@D@2@@std@@VMaterial@@@std@@@std@@@std@@@2@@Z 004033f0 f i RayTracer.obj
 0001:000026e0       ?erase@?$basic_string@DU?$char_traits@D@std@@V?$allocator@D@2@@std@@QAEAAV12@II@Z 004036e0 f i RayTracer.obj
 0001:00002780       ?find_last_of@?$basic_string@DU?$char_traits@D@std@@V?$allocator@D@2@@std@@QBEIPBDII@Z 00403780 f i RayTracer.obj
 0001:00002800       ?formattedMessage@SyntaxErrorException@@QBE?AV?$basic_string@DU?$char_traits@D@std@@V?$allocator@D@2@@std@@XZ 00403800 f i RayTracer.obj
 0001:00002840       ?getBuffer@RayTracer@@QAEXAAPAEAAH1@Z 00403840 f   RayTracer.obj
 0001:00002860       ?imbue@?$basic_filebuf@DU?$char_traits@D@std@@@std@@MAEXABVlocale@2@@Z 00403860 f i RayTracer.obj
 0001:000028a0       ?loadScene@RayTracer@@QAE_NPAD@Z 004038a0 f   RayTracer.obj
 0001:00002cf0       ?message@TextureMapException@@QAE?AV?$basic_string@DU?$char_traits@D@std@@V?$allocator@D@2@@std@@XZ 00403cf0 f i RayTracer.obj
 0001:00002d30       ?open@?$basic_filebuf@DU?$char_traits@D@std@@@std@@QAEPAV12@PBDHH@Z 00403d30 f i RayTracer.obj
 0001:00002e10       ?overflow@?$basic_filebuf@DU?$char_traits@D@std@@@std@@MAEHH@Z 00403e10 f i RayTracer.obj
 0001:00003020       ?pbackfail@?$basic_filebuf@DU?$char_traits@D@std@@@std@@MAEHH@Z 00404020 f i RayTracer.obj
 0001:000030b0       ?reflectVector@@YA?AV?$Vec3@N@@ABV1@0@Z 004040b0 f   RayTracer.obj
 0001:00003180       ?seekoff@?$basic_filebuf@DU?$char_traits@D@std@@@std@@MAE?AV?$fpos@U_Mbstatet@@@2@_JHH@Z 00404180 f i RayTracer.obj
 0001:00003280       ?seekpos@?$basic_filebuf@DU?$char_traits@D@std@@@std@@MAE?AV?$fpos@U_Mbstatet@@@2@V32@H@Z 00404280 f i RayTracer.obj
 0001:00003360       ?setKD@RayTracer@@QAEX_N@Z 00404360 f   RayTracer.obj
 0001:00003380       ?setbuf@?$basic_filebuf@DU?$char_traits@D@std@@@std@@MAEPAV?$basic_streambuf@DU?$char_traits@D@std@@@2@PAD_J@Z 00404380 f i RayTracer.obj
 0001:000033d0       ?substr@?$basic_string@DU?$char_traits@D@std@@V?$allocator@D@2@@std@@QBE?AV12@II@Z 004043d0 f i RayTracer.obj
 0001:00003410       ?sync@?$basic_filebuf@DU?$char_traits@D@std@@@std@@MAEHXZ 00404410 f i RayTracer.obj
 0001:00003440       ?trace@RayTracer@@QAE?AV?$Vec3@N@@NN@Z 00404440 f   RayTracer.obj
 0001:00003570       ?tracePixel@RayTracer@@QAEXHH@Z 00404570 f   RayTracer.obj
 0001:00003730       ?traceRay@RayTracer@@QAE?AV?$Vec3@N@@ABVray@@ABV2@H@Z 00404730 f   RayTracer.obj
 0001:00004080       ?traceSetup@RayTracer@@QAEXHHHH_N@Z 00405080 f   RayTracer.obj
 0001:00004190       ?uflow@?$basic_filebuf@DU?$char_traits@D@std@@@std@@MAEHXZ 00405190 f i RayTracer.obj
 0001:00004390       ?underflow@?$basic_filebuf@DU?$char_traits@D@std@@@std@@MAEHXZ 00405390 f i RayTracer.obj
 0001:00004470       ??$?6DU?$char_traits@D@std@@V?$allocator@D@1@@std@@YAAAV?$basic_ostream@DU?$char_traits@D@std@@@0@AAV10@ABV?$basic_string@DU?$char_traits@D@std@@V?$allocator@D@2@@0@@Z 00405470 f i CommandLineUI.obj
 0001:00004670       ??0CommandLineUI@@QAE@HPAPAD@Z 00405670 f   CommandLineUI.obj
 0001:00004800       ?alert@CommandLineUI@@UAEXABV?$basic_string@DU?$char_traits@D@std@@V?$allocator@D@2@@std@@@Z 00405800 f   CommandLineUI.obj
 0001:00004890       ?run@CommandLineUI@@UAEHXZ 00405890 f   CommandLineUI.obj
 0001:00004a00       ?setAA@TraceUI@@UAEXH@Z    00405a00 f i CommandLineUI.obj
 0001:00004a10       ?setDepth@TraceUI@@UAEXH@Z 00405a10 f i CommandLineUI.obj
 0001:00004a20       ?setKD@TraceUI@@UAEX_N@Z   00405a20 f i CommandLineUI.obj
 0001:00004a30       ?setRayTracer@TraceUI@@UAEXPAVRayTracer@@@Z 00405a30 f i CommandLineUI.obj
 0001:00004a40       ?usage@CommandLineUI@@AAEXXZ 00405a40 f   CommandLineUI.obj
 0001:00004ba0       ??$__vcrt_va_start_verify_argument_type@QBD@@YAXXZ 00405ba0 f i debuggingView.obj
 0001:00004bb0       ??0DebuggingView@@QAE@HHHHPAD@Z 00405bb0 f   debuggingView.obj
 0001:00004cb0       ??1DebuggingView@@UAE@XZ   00405cb0 f   debuggingView.obj
 0001:00004ce0       ??_GDebuggingView@@UAEPAXI@Z 00405ce0 f i debuggingView.obj
 0001:00004ce0       ??_EDebuggingView@@UAEPAXI@Z 00405ce0 f i debuggingView.obj
 0001:00004d20       ??_EFl_Gl_Window@@UAEPAXI@Z 00405d20 f i debuggingView.obj
 0001:00004d20       ??_GFl_Gl_Window@@UAEPAXI@Z 00405d20 f i debuggingView.obj
 0001:00004d50       ?_Destroy@?$vector@IV?$allocator@I@std@@@std@@IAEXPAI0@Z 00405d50 f i debuggingView.obj
 0001:00004d60       ?_Orphan_all@?$_Vector_alloc@U?$_Vec_base_types@IV?$allocator@I@std@@@std@@@std@@QAEXXZ 00405d60 f i debuggingView.obj
 0001:00004d70       ?_Reallocate@?$vector@IV?$allocator@I@std@@@std@@IAEXI@Z 00405d70 f i debuggingView.obj
 0001:00004dd0       ?_Reserve@?$vector@IV?$allocator@I@std@@@std@@IAEXI@Z 00405dd0 f i debuggingView.obj
 0001:00004e40       ?allocate@?$allocator@I@std@@QAEPAII@Z 00405e40 f i debuggingView.obj
 0001:00004eb0       ?as_gl_window@Fl_Gl_Window@@UAEPAV1@XZ 00405eb0 f i debuggingView.obj
 0001:00004ec0       ?as_group@Fl_Group@@UAEPAV1@XZ 00405ec0 f i debuggingView.obj
 0001:00004ed0       ?as_window@Fl_Window@@UAEPAV1@XZ 00405ed0 f i debuggingView.obj
 0001:00004ee0       ?checkGLError@@YAXXZ       00405ee0 f   debuggingView.obj
 0001:00004f10       ?draw@DebuggingView@@UAEXXZ 00405f10 f   debuggingView.obj
 0001:00005300       ?drawAxes@DebuggingView@@QAEXXZ 00406300 f   debuggingView.obj
 0001:000055a0       ?drawCamera@DebuggingView@@QAEXXZ 004065a0 f   debuggingView.obj
 0001:00005f50       ?drawLights@DebuggingView@@QAEXXZ 00406f50 f   debuggingView.obj
 0001:00005f90       ?drawRays@DebuggingView@@QAEXXZ 00406f90 f   debuggingView.obj
 0001:000061f0       ?drawScene@DebuggingView@@QAEXXZ 004071f0 f   debuggingView.obj
 0001:00006320       ?handle@DebuggingView@@UAEHH@Z 00407320 f   debuggingView.obj
 0001:000063e0       ?lightScene@DebuggingView@@QAEXXZ 004073e0 f   debuggingView.obj
 0001:000066a0       ?makeRasterFont@@YAXXZ     004076a0 f   debuggingView.obj
 0001:00006770       ?printString@@YAXPAD@Z     00407770 f   debuggingView.obj
 0001:000067d0       ?push_back@?$vector@IV?$allocator@I@std@@@std@@QAEX$$QAI@Z 004077d0 f i debuggingView.obj
 0001:00006840       ?resetCamera@DebuggingView@@QAEXXZ 00407840 f   debuggingView.obj
 0001:00006910       ?setRayTracer@DebuggingView@@QAEXPAVRayTracer@@@Z 00407910 f   debuggingView.obj
 0001:00006920       ___local_stdio_printf_options 00407920 f i debuggingView.obj
 0001:00006930       _printf                    00407930 f i debuggingView.obj
 0001:00006960       ?cb_Normal@DebuggingWindow@@CAXPAVFl_Menu_@@PAX@Z 00407960 f   debuggingWindow.obj
 0001:00006980       ?cb_Flat@DebuggingWindow@@CAXPAVFl_Menu_@@PAX@Z 00407980 f   debuggingWindow.obj
 0001:000069a0       ?cb_Wireframe@DebuggingWindow@@CAXPAVFl_Menu_@@PAX@Z 004079a0 f   debuggingWindow.obj
 0001:000069c0       ?cb_High@DebuggingWindow@@CAXPAVFl_Menu_@@PAX@Z 004079c0 f   debuggingWindow.obj
 0001:000069e0       ?cb_Medium@DebuggingWindow@@CAXPAVFl_Menu_@@PAX@Z 004079e0 f   debuggingWindow.obj
 0001:00006a00       ?cb_Low@DebuggingWindow@@CAXPAVFl_Menu_@@PAX@Z 00407a00 f   debuggingWindow.obj
 0001:00006a20       ?cb_Poor@DebuggingWindow@@CAXPAVFl_Menu_@@PAX@Z 00407a20 f   debuggingWindow.obj
 0001:00006a40       ?cb_Default@DebuggingWindow@@CAXPAVFl_Menu_@@PAX@Z 00407a40 f   debuggingWindow.obj
 0001:00006a60       ?cb_Scene@DebuggingWindow@@CAXPAVFl_Menu_@@PAX@Z 00407a60 f   debuggingWindow.obj
 0001:00006a80       ?cb_Use@DebuggingWindow@@CAXPAVFl_Menu_@@PAX@Z 00407a80 f   debuggingWindow.obj
 0001:00006ab0       ?cb_Geometry@DebuggingWindow@@CAXPAVFl_Menu_@@PAX@Z 00407ab0 f   debuggingWindow.obj
 0001:00006ae0       ?cb_Lights@DebuggingWindow@@CAXPAVFl_Menu_@@PAX@Z 00407ae0 f   debuggingWindow.obj
 0001:00006b10       ?cb_Camera@DebuggingWindow@@CAXPAVFl_Menu_@@PAX@Z 00407b10 f   debuggingWindow.obj
 0001:00006b40       ?cb_Axes@DebuggingWindow@@CAXPAVFl_Menu_@@PAX@Z 00407b40 f   debuggingWindow.obj
 0001:00006b70       ?cb_Normals@DebuggingWindow@@CAXPAVFl_Menu_@@PAX@Z 00407b70 f   debuggingWindow.obj
 0001:00006ba0       ?cb_Visibility@DebuggingWindow@@CAXPAVFl_Menu_@@PAX@Z 00407ba0 f   debuggingWindow.obj
 0001:00006bd0       ?cb_Reflection@DebuggingWindow@@CAXPAVFl_Menu_@@PAX@Z 00407bd0 f   debuggingWindow.obj
 0001:00006c00       ?cb_Refraction@DebuggingWindow@@CAXPAVFl_Menu_@@PAX@Z 00407c00 f   debuggingWindow.obj
 0001:00006c30       ?cb_Shadow@DebuggingWindow@@CAXPAVFl_Menu_@@PAX@Z 00407c30 f   debuggingWindow.obj
 0001:00006c60       ??0DebuggingWindow@@QAE@XZ 00407c60 f   debuggingWindow.obj
 0001:00006d80       ?hide@DebuggingWindow@@QAEXXZ 00407d80 f   debuggingWindow.obj
 0001:00006da0       ?redraw@DebuggingWindow@@QAEXXZ 00407da0 f   debuggingWindow.obj
 0001:00006db0       ?show@DebuggingWindow@@QAEXXZ 00407db0 f   debuggingWindow.obj
 0001:00006dd0       ??$_Buynode@U?$pair@HI@std@@@?$_Tree_comp_alloc@V?$_Tmap_traits@HIU?$less@H@std@@V?$allocator@U?$pair@$$CBHI@std@@@2@$0A@@std@@@std@@QAEPAU?$_Tree_node@U?$pair@$$CBHI@std@@PAX@1@$$QAU?$pair@HI@1@@Z 00407dd0 f i glObjects.obj
 0001:00006e00       ??$_Insert_at@AAU?$pair@$$CBHI@std@@PAU?$_Tree_node@U?$pair@$$CBHI@std@@PAX@2@@?$_Tree@V?$_Tmap_traits@HIU?$less@H@std@@V?$allocator@U?$pair@$$CBHI@std@@@2@$0A@@std@@@std@@IAE?AV?$_Tree_iterator@V?$_Tree_val@U?$_Tree_simple_types@U?$pair@$$CBHI@std@@@std@@@std@@@1@_NPAU?$_Tree_node@U?$pair@$$CBHI@std@@PAX@1@AAU?$pair@$$CBHI@1@1@Z 00407e00 f i glObjects.obj
 0001:00006fa0       ??$_Insert_nohint@AAU?$pair@$$CBHI@std@@PAU?$_Tree_node@U?$pair@$$CBHI@std@@PAX@2@@?$_Tree@V?$_Tmap_traits@HIU?$less@H@std@@V?$allocator@U?$pair@$$CBHI@std@@@2@$0A@@std@@@std@@IAE?AU?$pair@V?$_Tree_iterator@V?$_Tree_val@U?$_Tree_simple_types@U?$pair@$$CBHI@std@@@std@@@std@@@std@@_N@1@_NAAU?$pair@$$CBHI@1@PAU?$_Tree_node@U?$pair@$$CBHI@std@@PAX@1@@Z 00407fa0 f i glObjects.obj
 0001:000070c0       ??$destroy@PAU?$_Tree_node@U?$pair@$$CBHI@std@@PAX@std@@@?$_Wrap_alloc@V?$allocator@U?$_Tree_node@U?$pair@$$CBHI@std@@PAX@std@@@std@@@std@@QAEXPAPAU?$_Tree_node@U?$pair@$$CBHI@std@@PAX@1@@Z 004080c0 f i glObjects.obj
 0001:000070d0       ??E?$_Tree_unchecked_const_iterator@V?$_Tree_val@U?$_Tree_simple_types@U?$pair@$$CBHI@std@@@std@@@std@@U_Iterator_base0@2@@std@@QAEAAV01@XZ 004080d0 f i glObjects.obj
 0001:00007120       ??F?$_Tree_unchecked_const_iterator@V?$_Tree_val@U?$_Tree_simple_types@U?$pair@$$CBHI@std@@@std@@@std@@U_Iterator_base0@2@@std@@QAEAAV01@XZ 00408120 f i glObjects.obj
 0001:00007180       ?_Buyheadnode@?$_Tree_comp_alloc@V?$_Tmap_traits@HIU?$less@H@std@@V?$allocator@U?$pair@$$CBHI@std@@@2@$0A@@std@@@std@@QAEPAU?$_Tree_node@U?$pair@$$CBHI@std@@PAX@2@XZ 00408180 f i glObjects.obj
 0001:000071b0       ?_Buynode0@?$_Tree_comp_alloc@V?$_Tmap_traits@HIU?$less@H@std@@V?$allocator@U?$pair@$$CBHI@std@@@2@$0A@@std@@@std@@QAEPAU?$_Tree_node@U?$pair@$$CBHI@std@@PAX@2@XZ 004081b0 f i glObjects.obj
 0001:000071f0       ?_Erase@?$_Tree@V?$_Tmap_traits@HIU?$less@H@std@@V?$allocator@U?$pair@$$CBHI@std@@@2@$0A@@std@@@std@@IAEXPAU?$_Tree_node@U?$pair@$$CBHI@std@@PAX@2@@Z 004081f0 f i glObjects.obj
 0001:00007230       ?_Lrotate@?$_Tree@V?$_Tmap_traits@HIU?$less@H@std@@V?$allocator@U?$pair@$$CBHI@std@@@2@$0A@@std@@@std@@IAEXPAU?$_Tree_node@U?$pair@$$CBHI@std@@PAX@2@@Z 00408230 f i glObjects.obj
 0001:00007290       ?_Rrotate@?$_Tree@V?$_Tmap_traits@HIU?$less@H@std@@V?$allocator@U?$pair@$$CBHI@std@@@2@$0A@@std@@@std@@IAEXPAU?$_Tree_node@U?$pair@$$CBHI@std@@PAX@2@@Z 00408290 f i glObjects.obj
 0001:000072f0       ?arrow@@YAXXZ              004082f0 f   glObjects.obj
 0001:000073d0       ?clear@?$_Tree@V?$_Tmap_traits@HIU?$less@H@std@@V?$allocator@U?$pair@$$CBHI@std@@@2@$0A@@std@@@std@@QAEXXZ 004083d0 f i glObjects.obj
 0001:00007450       ?drawTesselatedSquare@@YAXH@Z 00408450 f   glObjects.obj
 0001:000075a0       ?erase@?$_Tree@V?$_Tmap_traits@HIU?$less@H@std@@V?$allocator@U?$pair@$$CBHI@std@@@2@$0A@@std@@@std@@QAE?AV?$_Tree_iterator@V?$_Tree_val@U?$_Tree_simple_types@U?$pair@$$CBHI@std@@@std@@@std@@@2@V?$_Tree_const_iterator@V?$_Tree_val@U?$_Tree_simple_types@U?$pair@$$CBHI@std@@@std@@@std@@@2@0@Z 004085a0 f i glObjects.obj
 0001:00007640       ?erase@?$_Tree@V?$_Tmap_traits@HIU?$less@H@std@@V?$allocator@U?$pair@$$CBHI@std@@@2@$0A@@std@@@std@@QAE?AV?$_Tree_iterator@V?$_Tree_val@U?$_Tree_simple_types@U?$pair@$$CBHI@std@@@std@@@std@@@2@V?$_Tree_const_iterator@V?$_Tree_val@U?$_Tree_simple_types@U?$pair@$$CBHI@std@@@std@@@std@@@2@@Z 00408640 f i glObjects.obj
 0001:000078c0       ?glDraw@DirectionalLight@@UBEXI@Z 004088c0 f   glObjects.obj
 0001:000079c0       ?glDraw@DirectionalLight@@UBEXXZ 004089c0 f   glObjects.obj
 0001:00007fc0       ?glDraw@Geometry@@UBEXH_N0@Z 00408fc0 f   glObjects.obj
 0001:00008140       ?glDraw@PointLight@@UBEXI@Z 00409140 f   glObjects.obj
 0001:00008240       ?glDraw@PointLight@@UBEXXZ 00409240 f   glObjects.obj
 0001:000084c0       ?glDraw@Scene@@QBEXH_N0@Z  004094c0 f   glObjects.obj
 0001:00008500       ?glDraw@SceneObject@@UBEXH_N0@Z 00409500 f   glObjects.obj
 0001:00008690       ?glDrawLocal@Box@@MBEXH_N0@Z 00409690 f   glObjects.obj
 0001:000089b0       ?glDrawLocal@Cone@@MBEXH_N0@Z 004099b0 f   glObjects.obj
 0001:00008b40       ?glDrawLocal@Cylinder@@MBEXH_N0@Z 00409b40 f   glObjects.obj
 0001:00008da0       ?glDrawLocal@Sphere@@MBEXH_N0@Z 00409da0 f   glObjects.obj
 0001:00008f10       ?glDrawLocal@Square@@MBEXH_N0@Z 00409f10 f   glObjects.obj
 0001:00009050       ?glDrawLocal@Trimesh@@MBEXH_N0@Z 0040a050 f   glObjects.obj
 0001:00009290       ?setGLMaterial@@YAXABVMaterial@@PBVSceneObject@@@Z 0040a290 f   glObjects.obj
 0001:000094a0       ?setMaterialProperty@@YAXIV?$Vec3@N@@@Z 0040a4a0 f   glObjects.obj
 0001:00009510       ?cb_load_scene@GraphicalUI@@CAXPAVFl_Menu_@@PAX@Z 0040a510 f   GraphicalUI.obj
 0001:000096e0       ?cb_save_image@GraphicalUI@@CAXPAVFl_Menu_@@PAX@Z 0040a6e0 f   GraphicalUI.obj
 0001:00009a90       ?cb_exit@GraphicalUI@@CAXPAVFl_Menu_@@PAX@Z 0040aa90 f   GraphicalUI.obj
 0001:00009ae0       ?cb_about@GraphicalUI@@CAXPAVFl_Menu_@@PAX@Z 0040aae0 f   GraphicalUI.obj
 0001:00009af0       ??0GraphicalUI@@QAE@XZ     0040aaf0 f   GraphicalUI.obj
 0001:0000a010       ??1Dialog2@@UAE@XZ         0040b010 f i GraphicalUI.obj
 0001:0000a020       ??1Fl_Button@@UAE@XZ       0040b020 f i GraphicalUI.obj
 0001:0000a030       ??1Fl_Int_Input@@UAE@XZ    0040b030 f i GraphicalUI.obj
 0001:0000a040       ??_EDialog2@@UAEPAXI@Z     0040b040 f i GraphicalUI.obj
 0001:0000a040       ??_GDialog2@@UAEPAXI@Z     0040b040 f i GraphicalUI.obj
 0001:0000a070       ?Button_CB@Dialog2@@CAXPAVFl_Widget@@PAX@Z 0040b070 f i GraphicalUI.obj
 0001:0000a080       ?alert@GraphicalUI@@UAEXABV?$basic_string@DU?$char_traits@D@std@@V?$allocator@D@2@@std@@@Z 0040b080 f   GraphicalUI.obj
 0001:0000a0a0       ?as_gl_window@Fl_Widget@@UAEPAVFl_Gl_Window@@XZ 0040b0a0 f i GraphicalUI.obj
 0001:0000a0b0       ?as_window@Fl_Widget@@UAEPAVFl_Window@@XZ 0040b0b0 f i GraphicalUI.obj
 0001:0000a0c0       ?cb_aaSlides@GraphicalUI@@CAXPAVFl_Widget@@PAX@Z 0040b0c0 f   GraphicalUI.obj
 0001:0000a0e0       ?cb_debuggingDisplayCheckButton@GraphicalUI@@CAXPAVFl_Widget@@PAX@Z 0040b0e0 f   GraphicalUI.obj
 0001:0000a110       ?cb_depthSlides@GraphicalUI@@CAXPAVFl_Widget@@PAX@Z 0040b110 f   GraphicalUI.obj
 0001:0000a130       ?cb_exit2@GraphicalUI@@CAXPAVFl_Widget@@PAX@Z 0040b130 f   GraphicalUI.obj
 0001:0000a180       ?cb_kdCheckButton@GraphicalUI@@CAXPAVFl_Widget@@PAX@Z 0040b180 f   GraphicalUI.obj
 0001:0000a1a0       ?cb_render@GraphicalUI@@CAXPAVFl_Widget@@PAX@Z 0040b1a0 f   GraphicalUI.obj
 0001:0000a410       ?cb_sizeSlides@GraphicalUI@@CAXPAVFl_Widget@@PAX@Z 0040b410 f   GraphicalUI.obj
 0001:0000a490       ?cb_stop@GraphicalUI@@CAXPAVFl_Widget@@PAX@Z 0040b490 f   GraphicalUI.obj
 0001:0000a4a0       ?getValue@Dialog2@@QAEHXZ  0040b4a0 f i GraphicalUI.obj
 0001:0000a620       ?run@GraphicalUI@@UAEHXZ   0040b620 f   GraphicalUI.obj
 0001:0000a640       ?setRayTracer@GraphicalUI@@UAEXPAVRayTracer@@@Z 0040b640 f   GraphicalUI.obj
 0001:0000a670       ?stopTracing@GraphicalUI@@SAXXZ 0040b670 f   GraphicalUI.obj
 0001:0000a6a0       ?whoami@GraphicalUI@@CAPAV1@PAVFl_Menu_@@@Z 0040b6a0 f   GraphicalUI.obj
 0001:0000a6b0       _sprintf                   0040b6b0 f i GraphicalUI.obj
 0001:0000a6f0       ??$makeHRotX@M@@YAXAAV?$Mat4@M@@M@Z 0040b6f0 f i ModelerCamera.obj
 0001:0000a7a0       ??$makeHRotY@M@@YAXAAV?$Mat4@M@@M@Z 0040b7a0 f i ModelerCamera.obj
 0001:0000a850       ??$makeHTrans@M@@YAXAAV?$Mat4@M@@ABV?$Vec3@M@@@Z 0040b850 f i ModelerCamera.obj
 0001:0000a8e0       ??0ModelerCamera@@QAE@XZ   0040b8e0 f   ModelerCamera.obj
 0001:0000a980       ?applyViewingTransform@ModelerCamera@@QAEXXZ 0040b980 f   ModelerCamera.obj
 0001:0000aa20       ?calculateViewingTransformParameters@ModelerCamera@@IAEXXZ 0040ba20 f   ModelerCamera.obj
 0001:0000ad70       ?clickMouse@ModelerCamera@@QAEXW4MouseAction_t@@HH@Z 0040bd70 f   ModelerCamera.obj
 0001:0000ada0       ?dragMouse@ModelerCamera@@QAEXHH@Z 0040bda0 f   ModelerCamera.obj
 0001:0000b0b0       ?releaseMouse@ModelerCamera@@QAEXHH@Z 0040c0b0 f   ModelerCamera.obj
 0001:0000b0c0       ?reset@ModelerCamera@@QAEXXZ 0040c0c0 f   ModelerCamera.obj
 0001:0000b100       ??$?6U?$char_traits@D@std@@@std@@YAAAV?$basic_ostream@DU?$char_traits@D@std@@@0@AAV10@D@Z 0040c100 f i buffer.obj
 0001:0000b310       ??$getline@DU?$char_traits@D@std@@V?$allocator@D@2@@std@@YAAAV?$basic_istream@DU?$char_traits@D@std@@@0@$$QAV10@AAV?$basic_string@DU?$char_traits@D@std@@V?$allocator@D@2@@0@D@Z 0040c310 f i buffer.obj
 0001:0000b490       ??0Buffer@@QAE@AAV?$basic_istream@DU?$char_traits@D@std@@@std@@_N1@Z 0040c490 f   buffer.obj
 0001:0000b4f0       ??1_Sentry_base@?$basic_istream@DU?$char_traits@D@std@@@std@@QAE@XZ 0040c4f0 f i buffer.obj
 0001:0000b540       ??1sentry@?$basic_istream@DU?$char_traits@D@std@@@std@@QAE@XZ 0040c540 f i buffer.obj
 0001:0000b590       ?GetCh@Buffer@@QAEDXZ      0040c590 f   buffer.obj
 0001:0000b660       ?GetLine@Buffer@@IAEXXZ    0040c660 f   buffer.obj
 0001:0000b720       ?PrintLine@Buffer@@QBEXAAV?$basic_ostream@DU?$char_traits@D@std@@@std@@@Z 0040c720 f   buffer.obj
 0001:0000b770       ??$?4G@?$CImg@E@cimg_library@@QAEAAU01@ABU?$CImg@G@1@@Z 0040c770 f i imageio.obj
 0001:0000b790       ??$__vcrt_va_start_verify_argument_type@PBD@@YAXXZ 0040c790 f i imageio.obj
 0001:0000b7a0       ??$_render_resize@II@CImgDisplay@cimg_library@@SAXPBIIIPAIII@Z 0040c7a0 f i imageio.obj
 0001:0000b9a0       ??$assign@E@?$CImgl@E@cimg_library@@QAEAAU01@ABU01@_N@Z 0040c9a0 f i imageio.obj
 0001:0000ba00       ??$assign@E@?$CImgl@E@cimg_library@@QAEAAU01@IABU?$CImg@E@1@_N@Z 0040ca00 f i imageio.obj
 0001:0000ba60       ??$assign@E@CImgDisplay@cimg_library@@QAEAAU01@ABU?$CImg@E@1@PBDII_N2@Z 0040ca60 f i imageio.obj
 0001:0000bc30       ??$assign@E@CImgStats@cimg_library@@QAEAAU01@ABU?$CImg@E@1@_N@Z 0040cc30 f i imageio.obj
 0001:0000bed0       ??$assign@G@?$CImg@E@cimg_library@@QAEAAU01@QBGIIII@Z 0040ced0 f i imageio.obj
 0001:0000bf70       ??$assign@M@CImgStats@cimg_library@@QAEAAU01@ABU?$CImg@M@1@_N@Z 0040cf70 f i imageio.obj
 0001:0000c1f0       ??$dialog@E@cimg@cimg_library@@YAHPBD0000000ABU?$CImg@E@1@_N@Z 0040d1f0 f i imageio.obj
 0001:0000dc80       ??$display@E@CImgDisplay@cimg_library@@QAEAAU01@ABU?$CImg@E@1@@Z 0040ec80 f i imageio.obj
 0001:0000dce0       ??$draw_image@EE@?$CImg@E@cimg_library@@QAEAAU01@ABU01@0HHHHEM@Z 0040ece0 f i imageio.obj
 0001:0000e3f0       ??$draw_text@E@?$CImg@E@cimg_library@@QAEAAU01@QBDHHQBE1ABU?$CImgl@E@1@M@Z 0040f3f0 f i imageio.obj
 0001:0000ea20       ??$endian_swap@F@cimg@cimg_library@@YAXQAFI@Z 0040fa20 f i imageio.obj
 0001:0000ea50       ??$endian_swap@G@cimg@cimg_library@@YAXQAGI@Z 0040fa50 f i imageio.obj
 0001:0000ea80       ??$endian_swap@H@cimg@cimg_library@@YAXQAHI@Z 0040fa80 f i imageio.obj
 0001:0000eaa0       ??$endian_swap@I@cimg@cimg_library@@YAXQAII@Z 0040faa0 f i imageio.obj
 0001:0000eac0       ??$endian_swap@J@cimg@cimg_library@@YAXQAJI@Z 0040fac0 f i imageio.obj
 0001:0000eae0       ??$endian_swap@K@cimg@cimg_library@@YAXQAKI@Z 0040fae0 f i imageio.obj
 0001:0000eb00       ??$endian_swap@M@cimg@cimg_library@@YAXQAMI@Z 0040fb00 f i imageio.obj
 0001:0000eb20       ??$endian_swap@N@cimg@cimg_library@@YAXQANI@Z 0040fb20 f i imageio.obj
 0001:0000eba0       ??$fread@D@cimg@cimg_library@@YAHPADIPAU_iobuf@@@Z 0040fba0 f i imageio.obj
 0001:0000ec30       ??$fread@E@cimg@cimg_library@@YAHPAEIPAU_iobuf@@@Z 0040fc30 f i imageio.obj
 0001:0000ecc0       ??$fread@F@cimg@cimg_library@@YAHPAFIPAU_iobuf@@@Z 0040fcc0 f i imageio.obj
 0001:0000ed50       ??$fread@G@cimg@cimg_library@@YAHPAGIPAU_iobuf@@@Z 0040fd50 f i imageio.obj
 0001:0000ede0       ??$fread@H@cimg@cimg_library@@YAHPAHIPAU_iobuf@@@Z 0040fde0 f i imageio.obj
 0001:0000ee70       ??$fread@I@cimg@cimg_library@@YAHPAIIPAU_iobuf@@@Z 0040fe70 f i imageio.obj
 0001:0000ef00       ??$fread@J@cimg@cimg_library@@YAHPAJIPAU_iobuf@@@Z 0040ff00 f i imageio.obj
 0001:0000efa0       ??$fread@K@cimg@cimg_library@@YAHPAKIPAU_iobuf@@@Z 0040ffa0 f i imageio.obj
 0001:0000f030       ??$fread@M@cimg@cimg_library@@YAHPAMIPAU_iobuf@@@Z 00410030 f i imageio.obj
 0001:0000f0c0       ??$fread@N@cimg@cimg_library@@YAHPANIPAU_iobuf@@@Z 004100c0 f i imageio.obj
 0001:0000f150       ??$fwrite@E@cimg@cimg_library@@YAHPBEIPAU_iobuf@@@Z 00410150 f i imageio.obj
 0001:0000f1f0       ??$fwrite@G@cimg@cimg_library@@YAHPBGIPAU_iobuf@@@Z 004101f0 f i imageio.obj
 0001:0000f290       ??$render@E@CImgDisplay@cimg_library@@QAEAAU01@ABU?$CImg@E@1@@Z 00410290 f i imageio.obj
 0001:0000f5d0       ??0?$CImg@E@cimg_library@@QAE@ABU01@@Z 004105d0 f i imageio.obj
 0001:0000f670       ??0?$CImg@E@cimg_library@@QAE@IIII@Z 00410670 f i imageio.obj
 0001:0000f6f0       ??0?$CImg@E@cimg_library@@QAE@IIIIABE@Z 004106f0 f i imageio.obj
 0001:0000f7a0       ??0?$CImg@E@cimg_library@@QAE@QBD@Z 004107a0 f i imageio.obj
 0001:0000f840       ??0?$CImg@E@cimg_library@@QAE@QBEIIII_N@Z 00410840 f i imageio.obj
 0001:0000f8e0       ??0?$CImg@E@cimg_library@@QAE@XZ 004108e0 f i imageio.obj
 0001:0000f910       ??0?$CImg@G@cimg_library@@QAE@IIII@Z 00410910 f i imageio.obj
 0001:0000f9a0       ??0?$CImg@I@cimg_library@@QAE@ABU01@@Z 004109a0 f i imageio.obj
 0001:0000fa60       ??0?$CImg@I@cimg_library@@QAE@IIII@Z 00410a60 f i imageio.obj
 0001:0000faf0       ??0?$CImg@I@cimg_library@@QAE@XZ 00410af0 f i imageio.obj
 0001:0000fb20       ??0?$CImg@M@cimg_library@@QAE@ABU01@@Z 00410b20 f i imageio.obj
 0001:0000fbe0       ??0?$CImg@M@cimg_library@@QAE@IIII@Z 00410be0 f i imageio.obj
 0001:0000fc70       ??0?$CImg@M@cimg_library@@QAE@XZ 00410c70 f i imageio.obj
 0001:0000fca0       ??0?$CImgl@E@cimg_library@@QAE@ABU01@@Z 00410ca0 f i imageio.obj
 0001:0000fcd0       ??0?$CImgl@E@cimg_library@@QAE@I@Z 00410cd0 f i imageio.obj
 0001:0000fd90       ??0CImgArgumentException@cimg_library@@QAA@PBDZZ 00410d90 f i imageio.obj
 0001:0000fe80       ??0CImgIOException@cimg_library@@QAA@PBDZZ 00410e80 f i imageio.obj
 0001:0000ff70       ??0CImgInstanceException@cimg_library@@QAA@PBDZZ 00410f70 f i imageio.obj
 0001:00010060       ??1?$CImg@E@cimg_library@@QAE@XZ 00411060 f i imageio.obj
 0001:00010080       ??1?$CImg@G@cimg_library@@QAE@XZ 00411080 f i imageio.obj
 0001:000100a0       ??1?$CImg@I@cimg_library@@QAE@XZ 004110a0 f i imageio.obj
 0001:000100c0       ??1?$CImg@M@cimg_library@@QAE@XZ 004110c0 f i imageio.obj
 0001:000100e0       ??1?$CImgl@E@cimg_library@@QAE@XZ 004110e0 f i imageio.obj
 0001:00010150       ??1?$CImgl@I@cimg_library@@QAE@XZ 00411150 f i imageio.obj
 0001:000101c0       ??1?$CImgl@M@cimg_library@@QAE@XZ 004111c0 f i imageio.obj
 0001:00010230       ??1CImgDisplay@cimg_library@@QAE@XZ 00411230 f i imageio.obj
 0001:00010240       ??4?$CImg@E@cimg_library@@QAEAAU01@ABU01@@Z 00411240 f i imageio.obj
 0001:00010260       ??_E?$CImg@E@cimg_library@@QAEPAXI@Z 00411260 f i imageio.obj
 0001:00010310       ??_E?$CImg@I@cimg_library@@QAEPAXI@Z 00411310 f i imageio.obj
 0001:000103c0       ??_E?$CImg@M@cimg_library@@QAEPAXI@Z 004113c0 f i imageio.obj
 0001:00010470       ?Win32attr@cimg@cimg_library@@YAAAUWin32info@12@XZ 00411470 f i imageio.obj
 0001:000104d0       ?_events_thread@CImgDisplay@cimg_library@@SGKPAX@Z 004114d0 f i imageio.obj
 0001:000107d0       ?_handle_events@CImgDisplay@cimg_library@@SGJPAUHWND__@@IIJ@Z 004117d0 f i imageio.obj
 0001:00010ac0       ?_init_fullscreen@CImgDisplay@cimg_library@@QAEXXZ 00411ac0 f i imageio.obj
 0001:00010c90       ?_load_inr@?$CImg@E@cimg_library@@SAXPAU_iobuf@@QAHPAM@Z 00411c90 f i imageio.obj
 0001:000110d0       ?assign@?$CImg@E@cimg_library@@QAEAAU12@IIII@Z 004120d0 f i imageio.obj
 0001:000111e0       ?assign@?$CImg@E@cimg_library@@QAEAAU12@IIIIABE@Z 004121e0 f i imageio.obj
 0001:00011240       ?assign@?$CImg@E@cimg_library@@QAEAAU12@QBEIIII@Z 00412240 f i imageio.obj
 0001:000112c0       ?assign@?$CImg@E@cimg_library@@QAEAAU12@QBEIIII_N@Z 004122c0 f i imageio.obj
 0001:00011370       ?assign@?$CImg@I@cimg_library@@QAEAAU12@IIII@Z 00412370 f i imageio.obj
 0001:00011490       ?assign@?$CImg@I@cimg_library@@QAEAAU12@QBIIIII@Z 00412490 f i imageio.obj
 0001:00011520       ?assign@?$CImg@M@cimg_library@@QAEAAU12@IIII@Z 00412520 f i imageio.obj
 0001:00011640       ?assign@?$CImg@M@cimg_library@@QAEAAU12@QBMIIII@Z 00412640 f i imageio.obj
 0001:000116d0       ?assign@?$CImgl@E@cimg_library@@QAEAAU12@I@Z 004126d0 f i imageio.obj
 0001:00011820       ?assign@?$CImgl@E@cimg_library@@QAEAAU12@IIIII@Z 00412820 f i imageio.obj
 0001:00011900       ?assign@?$CImgl@E@cimg_library@@QAEAAU12@XZ 00412900 f i imageio.obj
 0001:00011990       ?assign@CImgDisplay@cimg_library@@QAEAAU12@XZ 00412990 f i imageio.obj
 0001:00011aa0       ?assign_lowlevel@CImgDisplay@cimg_library@@QAEAAU12@IIPBDII_N1@Z 00412aa0 f i imageio.obj
 0001:00011c20       ?convert_path@cimg@cimg_library@@YAPBDXZ 00412c20 f i imageio.obj
 0001:000120c0       ?cubic_pix2d@?$CImg@E@cimg_library@@QBEMMMHH@Z 004130c0 f i imageio.obj
 0001:000128b0       ?draw_image@?$CImg@E@cimg_library@@QAEAAU12@ABU12@HHHHM@Z 004138b0 f i imageio.obj
 0001:00012ef0       ?draw_line@?$CImg@E@cimg_library@@QAEAAU12@HHHHQBEIM@Z 00413ef0 f i imageio.obj
 0001:00013420       ?draw_rectangle@?$CImg@E@cimg_library@@QAEAAU12@HHHHHHQBEM@Z 00414420 f i imageio.obj
 0001:00013820       ?draw_text@?$CImg@E@cimg_library@@QAEAAU12@QBDHHQBE1IM@Z 00414820 f i imageio.obj
 0001:000138e0       ?fclose@cimg@cimg_library@@YAHPAU_iobuf@@@Z 004148e0 f i imageio.obj
 0001:00013950       ?filename_split@cimg@cimg_library@@YAPBDQBDQAD@Z 00414950 f i imageio.obj
 0001:000139f0       ?fill@?$CImg@E@cimg_library@@QAEAAU12@ABE@Z 004149f0 f i imageio.obj
 0001:00013a40       ?fill@?$CImg@I@cimg_library@@QAEAAU12@ABI00@Z 00414a40 f i imageio.obj
 0001:00013af0       ?fill@?$CImg@M@cimg_library@@QAEAAU12@ABM0000000@Z 00414af0 f i imageio.obj
 0001:00013c10       ?fill@?$CImg@M@cimg_library@@QAEAAU12@ABM@Z 00414c10 f i imageio.obj
 0001:00013c90       ?fopen@cimg@cimg_library@@YAPAU_iobuf@@QBD0@Z 00414c90 f i imageio.obj
 0001:00013d60       ?get_append@?$CImgl@E@cimg_library@@QBE?AU?$CImg@E@2@DD@Z 00414d60 f i imageio.obj
 0001:00014670       ?get_crop@?$CImg@E@cimg_library@@QBE?AU12@IIIIIIII_N@Z 00415670 f i imageio.obj
 0001:00014d00       ?get_crop@?$CImg@E@cimg_library@@QBE?AU12@IIII_N@Z 00415d00 f i imageio.obj
 0001:00014d40       ?get_crop_font@?$CImgl@E@cimg_library@@QBE?AU12@XZ 00415d40 f i imageio.obj
 0001:00015090       ?get_font@?$CImgl@E@cimg_library@@SA?AU12@I_N@Z 00416090 f i imageio.obj
 0001:00015b20       ?get_font@?$CImgl@E@cimg_library@@SA?AU12@QBIIIII_N@Z 00416b20 f i imageio.obj
 0001:00015ef0       ?get_load@?$CImg@E@cimg_library@@SA?AU12@PBD@Z 00416ef0 f i imageio.obj
 0001:000161f0       ?get_load@?$CImgl@E@cimg_library@@SA?AU12@PBD@Z 004171f0 f i imageio.obj
 0001:00016360       ?get_load_analyze@?$CImg@E@cimg_library@@SA?AU12@PBDPAM@Z 00417360 f i imageio.obj
 0001:00016b40       ?get_load_ascii@?$CImg@E@cimg_library@@SA?AU12@PBD@Z 00417b40 f i imageio.obj
 0001:00016d30       ?get_load_bmp@?$CImg@E@cimg_library@@SA?AU12@PBD@Z 00417d30 f i imageio.obj
 0001:00017720       ?get_load_cimg@?$CImg@E@cimg_library@@SA?AU12@PBDDD@Z 00418720 f i imageio.obj
 0001:000177e0       ?get_load_cimg@?$CImgl@E@cimg_library@@SA?AU12@PBD@Z 004187e0 f i imageio.obj
 0001:0001a120       ?get_load_convert@?$CImg@E@cimg_library@@SA?AU12@PBD@Z 0041b120 f i imageio.obj
 0001:0001a290       ?get_load_dicom@?$CImg@E@cimg_library@@SA?AU12@PBD@Z 0041b290 f i imageio.obj
 0001:0001a460       ?get_load_dlm@?$CImg@E@cimg_library@@SA?AU12@PBD@Z 0041b460 f i imageio.obj
 0001:0001a890       ?get_load_inr@?$CImg@E@cimg_library@@SA?AU12@PBDPAM@Z 0041b890 f i imageio.obj
 0001:0001b650       ?get_load_jpeg@?$CImg@E@cimg_library@@SA?AU12@PBD@Z 0041c650 f i imageio.obj
 0001:0001b670       ?get_load_pandore@?$CImg@E@cimg_library@@SA?AU12@PBD@Z 0041c670 f i imageio.obj
 0001:0001d740       ?get_load_parrec@?$CImg@E@cimg_library@@SA?AU12@PBDDD@Z 0041e740 f i imageio.obj
 0001:0001d7f0       ?get_load_parrec@?$CImgl@E@cimg_library@@SA?AU12@PBD@Z 0041e7f0 f i imageio.obj
 0001:0001e580       ?get_load_png@?$CImg@E@cimg_library@@SA?AU12@PBD@Z 0041f580 f i imageio.obj
 0001:0001e5a0       ?get_load_pnm@?$CImg@E@cimg_library@@SA?AU12@PBD@Z 0041f5a0 f i imageio.obj
 0001:0001ecb0       ?get_load_tiff@?$CImg@E@cimg_library@@SA?AU12@PBD@Z 0041fcb0 f i imageio.obj
 0001:0001ecd0       ?get_logo40x38@?$CImg@E@cimg_library@@SA?AU12@XZ 0041fcd0 f i imageio.obj
 0001:0001ee20       ?get_norm_pointwise@?$CImg@E@cimg_library@@QBE?AU?$CImg@M@2@H@Z 0041fe20 f i imageio.obj
 0001:0001f150       ?get_norm_pointwise@?$CImg@M@cimg_library@@QBE?AU12@H@Z 00420150 f i imageio.obj
 0001:0001f4e0       ?get_projections2d@?$CImg@E@cimg_library@@QBE?AU12@III@Z 004204e0 f i imageio.obj
 0001:0001f780       ?get_resize@?$CImg@E@cimg_library@@QBE?AU12@HHHHI@Z 00420780 f i imageio.obj
 0001:00020850       ?get_shared_channel@?$CImg@E@cimg_library@@QAE?AU12@I@Z 00421850 f i imageio.obj
 0001:00020880       ?get_shared_channels@?$CImg@E@cimg_library@@QAE?AU12@II@Z 00421880 f i imageio.obj
 0001:00020980       ?insert@?$CImgl@E@cimg_library@@QAEAAU12@ABU12@I@Z 00421980 f i imageio.obj
 0001:00020a70       ?insert@?$CImgl@E@cimg_library@@QAEAAU12@ABU?$CImg@E@2@I_N@Z 00421a70 f i imageio.obj
 0001:00020d70       ?insert@?$CImgl@I@cimg_library@@QAEAAU12@ABU?$CImg@I@2@I_N@Z 00421d70 f i imageio.obj
 0001:00021070       ?insert@?$CImgl@M@cimg_library@@QAEAAU12@ABU?$CImg@M@2@I_N@Z 00422070 f i imageio.obj
 0001:00021370       ?is_empty@?$CImg@E@cimg_library@@QBE_NXZ 00422370 f i imageio.obj
 0001:000213a0       ?is_empty@?$CImg@I@cimg_library@@QBE_NXZ 004223a0 f i imageio.obj
 0001:000213d0       ?is_empty@?$CImg@M@cimg_library@@QBE_NXZ 004223d0 f i imageio.obj
 0001:00021400       ?linear_pix4d@?$CImg@E@cimg_library@@QBEMMMMM@Z 00422400 f i imageio.obj
 0001:00021920       ?load@?$CImgl@E@cimg_library@@QAEAAU12@PBD@Z 00422920 f i imageio.obj
 0001:000219d0       ?load@@YAPAEPBDAAH1@Z      004229d0 f   imageio.obj
 0001:00021b00       ?medcon_path@cimg@cimg_library@@YAPBDXZ 00422b00 f i imageio.obj
 0001:00021bb0       ?mirror@?$CImg@E@cimg_library@@QAEAAU12@D@Z 00422bb0 f i imageio.obj
 0001:00021fc0       ?move@CImgDisplay@cimg_library@@QAEAAU12@HH@Z 00422fc0 f i imageio.obj
 0001:00022080       ?normalize@?$CImg@M@cimg_library@@QAEAAU12@ABM0@Z 00423080 f i imageio.obj
 0001:00022190       ?paint@CImgDisplay@cimg_library@@QAEAAU12@XZ 00423190 f i imageio.obj
 0001:000221e0       ?resize@?$CImg@E@cimg_library@@QAEAAU12@HHHHI@Z 004231e0 f i imageio.obj
 0001:00022340       ?resize@CImgDisplay@cimg_library@@QAEAAU12@HH_N@Z 00423340 f i imageio.obj
 0001:000225a0       ?save@@YAXPBDPBEHH0H@Z     004235a0 f   imageio.obj
 0001:000227a0       ?save_convert@?$CImg@E@cimg_library@@QBEABU12@PBDI@Z 004237a0 f i imageio.obj
 0001:00022980       ?save_pnm@?$CImg@E@cimg_library@@QBEABU12@PBD@Z 00423980 f i imageio.obj
 0001:00022e80       ?save_pnm@?$CImg@M@cimg_library@@QBEABU12@PBD@Z 00423e80 f i imageio.obj
 0001:00023390       ?show@CImgDisplay@cimg_library@@QAEAAU12@XZ 00424390 f i imageio.obj
 0001:00023490       ?strcasecmp@cimg@cimg_library@@YAHPBD0@Z 00424490 f i imageio.obj
 0001:00023500       ?strlen@cimg@cimg_library@@YAHPBD@Z 00424500 f i imageio.obj
 0001:00023520       ?strncasecmp@cimg@cimg_library@@YAHPBD0H@Z 00424520 f i imageio.obj
 0001:00023590       ?strncmp@cimg@cimg_library@@YAHPBD0H@Z 00424590 f i imageio.obj
 0001:00023740       ?swap@?$CImg@E@cimg_library@@QAEAAU12@AAU12@@Z 00424740 f i imageio.obj
 0001:000237d0       ?system@cimg@cimg_library@@YAXPBD@Z 004247d0 f i imageio.obj
 0001:00023850       ?temporary_path@cimg@cimg_library@@YAPBDXZ 00424850 f i imageio.obj
 0001:00023980       ?vector@?$CImg@I@cimg_library@@SA?AU12@ABI00@Z 00424980 f i imageio.obj
 0001:00023a10       ?vector@?$CImg@M@cimg_library@@SA?AU12@ABM0000000@Z 00424a10 f i imageio.obj
 0001:00023ab0       ?wait@cimg@cimg_library@@YAIIAAK@Z 00424ab0 f i imageio.obj
 0001:00023b70       ?warn@cimg@cimg_library@@YAX_NPBDZZ 00424b70 f i imageio.obj
 0001:00023bd0       ___local_stdio_scanf_options 00424bd0 f i imageio.obj
 0001:00023be0       _fprintf                   00424be0 f i imageio.obj
 0001:00023c10       _fscanf                    00424c10 f i imageio.obj
 0001:00023c40       _sscanf                    00424c40 f i imageio.obj
 0001:00023c70       ??0Camera@@QAE@XZ          00424c70 f   camera.obj
 0001:00023d10       ?rayThrough@Camera@@QAEXNNAAVray@@@Z 00424d10 f   camera.obj
 0001:00023e30       ?setAspectRatio@Camera@@QAEXN@Z 00424e30 f   camera.obj
 0001:00023fd0       ?setEye@Camera@@QAEXABV?$Vec3@N@@@Z 00424fd0 f   camera.obj
 0001:00024000       ?setFOV@Camera@@QAEXN@Z    00425000 f   camera.obj
 0001:000241c0       ?setLook@Camera@@QAEXABV?$Vec3@N@@0@Z 004251c0 f   camera.obj
 0001:00024400       ?setLook@Camera@@QAEXNNNN@Z 00425400 f   camera.obj
 0001:000246c0       ?setLookSimple@Camera@@QAE_NABV?$Vec3@N@@0@Z 004256c0 f   camera.obj
 0001:00024920       ?update@Camera@@AAEXXZ     00425920 f   camera.obj
 0001:00024ab0       ?distanceAttenuation@DirectionalLight@@UBENABV?$Vec3@N@@@Z 00425ab0 f   light.obj
 0001:00024ac0       ?distanceAttenuation@PointLight@@UBENABV?$Vec3@N@@@Z 00425ac0 f   light.obj
 0001:00024b60       ?getColor@DirectionalLight@@UBE?AV?$Vec3@N@@ABV2@@Z 00425b60 f   light.obj
 0001:00024b80       ?getColor@PointLight@@UBE?AV?$Vec3@N@@ABV2@@Z 00425b80 f   light.obj
 0001:00024ba0       ?getDirection@DirectionalLight@@UBE?AV?$Vec3@N@@ABV2@@Z 00425ba0 f   light.obj
 0001:00024bd0       ?getDirection@PointLight@@UBE?AV?$Vec3@N@@ABV2@@Z 00425bd0 f   light.obj
 0001:00024c60       ?shadowAttenuation@DirectionalLight@@UBE?AV?$Vec3@N@@ABVray@@ABV2@@Z 00425c60 f   light.obj
 0001:00024e80       ?shadowAttenuation@PointLight@@UBE?AV?$Vec3@N@@ABVray@@ABV2@@Z 00425e80 f   light.obj
 0001:00025290       ??0TextureMap@@QAE@V?$basic_string@DU?$char_traits@D@std@@V?$allocator@D@2@@std@@@Z 00426290 f   material.obj
 0001:00025420       ??0TextureMapException@@QAE@ABV0@@Z 00426420 f i material.obj
 0001:00025450       ?getMappedValue@TextureMap@@QBE?AV?$Vec3@N@@ABV?$Vec2@N@@@Z 00426450 f   material.obj
 0001:00025510       ?getPixelAt@TextureMap@@ABE?AV?$Vec3@N@@HH@Z 00426510 f   material.obj
 0001:000255b0       ?intensityValue@MaterialParameter@@QBENABVisect@@@Z 004265b0 f   material.obj
 0001:00025670       ?shade@Material@@UBE?AV?$Vec3@N@@PAVScene@@ABVray@@ABVisect@@@Z 00426670 f   material.obj
 0001:00025fb0       ?shininess@Material@@QBENABVisect@@@Z 00426fb0 f i material.obj
 0001:000260d0       ?value@MaterialParameter@@QBE?AV?$Vec3@N@@ABVisect@@@Z 004270d0 f   material.obj
 0001:00026120       ?getMaterial@isect@@QBEABVMaterial@@XZ 00427120 f   ray.obj
 0001:00026130       ??$?8V?$KDNode@VGeometry@@@@U?$default_delete@V?$KDNode@VGeometry@@@@@std@@@std@@YA_NABV?$unique_ptr@V?$KDNode@VGeometry@@@@U?$default_delete@V?$KDNode@VGeometry@@@@@std@@@0@$$T@Z 00427130 f i scene.obj
 0001:00026140       ??$?9V?$KDNode@VGeometry@@@@U?$default_delete@V?$KDNode@VGeometry@@@@@std@@@std@@YA_NABV?$unique_ptr@V?$KDNode@VGeometry@@@@U?$default_delete@V?$KDNode@VGeometry@@@@@std@@@0@$$T@Z 00427140 f i scene.obj
 0001:00026150       ??$_Buynode@ABUpiecewise_construct_t@std@@V?$tuple@ABV?$basic_string@DU?$char_traits@D@std@@V?$allocator@D@2@@std@@@2@V?$tuple@$$V@2@@?$_Tree_comp_alloc@V?$_Tmap_traits@V?$basic_string@DU?$char_traits@D@std@@V?$allocator@D@2@@std@@PAVTextureMap@@U?$less@V?$basic_string@DU?$char_traits@D@std@@V?$allocator@D@2@@std@@@2@V?$allocator@U?$pair@$$CBV?$basic_string@DU?$char_traits@D@std@@V?$allocator@D@2@@std@@PAVTextureMap@@@std@@@2@$0A@@std@@@std@@QAEPAU?$_Tree_node@U?$pair@$$CBV?$basic_string@DU?$char_traits@D@std@@V?$allocator@D@2@@std@@PAVTextureMap@@@std@@PAX@1@ABUpiecewise_construct_t@1@$$QAV?$tuple@ABV?$basic_string@DU?$char_traits@D@std@@V?$allocator@D@2@@std@@@1@$$QAV?$tuple@$$V@1@@Z 00427150 f i scene.obj
 0001:00026210       ??$_Destroy_range@V?$allocator@U?$pair@Vray@@Visect@@@std@@@std@@PAU?$pair@Vray@@Visect@@@2@@std@@YAXPAU?$pair@Vray@@Visect@@@0@0AAU?$_Wrap_alloc@V?$allocator@U?$pair@Vray@@Visect@@@std@@@std@@@0@@Z 00427210 f i scene.obj
 0001:00026240       ??$_Insert_at@AAU?$pair@$$CBV?$basic_string@DU?$char_traits@D@std@@V?$allocator@D@2@@std@@PAVTextureMap@@@std@@PAU?$_Tree_node@U?$pair@$$CBV?$basic_string@DU?$char_traits@D@std@@V?$allocator@D@2@@std@@PAVTextureMap@@@std@@PAX@2@@?$_Tree@V?$_Tmap_traits@V?$basic_string@DU?$char_traits@D@std@@V?$allocator@D@2@@std@@PAVTextureMap@@U?$less@V?$basic_string@DU?$char_traits@D@std@@V?$allocator@D@2@@std@@@2@V?$allocator@U?$pair@$$CBV?$basic_string@DU?$char_traits@D@std@@V?$allocator@D@2@@std@@PAVTextureMap@@@std@@@2@$0A@@std@@@std@@IAE?AV?$_Tree_iterator@V?$_Tree_val@U?$_Tree_simple_types@U?$pair@$$CBV?$basic_string@DU?$char_traits@D@std@@V?$allocator@D@2@@std@@PAVTextureMap@@@std@@@std@@@std@@@1@_NPAU?$_Tree_node@U?$pair@$$CBV?$basic_string@DU?$char_traits@D@std@@V?$allocator@D@2@@std@@PAVTextureMap@@@std@@PAX@1@AAU?$pair@$$CBV?$basic_string@DU?$char_traits@D@std@@V?$allocator@D@2@@std@@PAVTextureMap@@@1@1@Z 00427240 f i scene.obj
 0001:00026410       ??$_Insert_hint@AAU?$pair@$$CBV?$basic_string@DU?$char_traits@D@std@@V?$allocator@D@2@@std@@PAVTextureMap@@@std@@PAU?$_Tree_node@U?$pair@$$CBV?$basic_string@DU?$char_traits@D@std@@V?$allocator@D@2@@std@@PAVTextureMap@@@std@@PAX@2@@?$_Tree@V?$_Tmap_traits@V?$basic_string@DU?$char_traits@D@std@@V?$allocator@D@2@@std@@PAVTextureMap@@U?$less@V?$basic_string@DU?$char_traits@D@std@@V?$allocator@D@2@@std@@@2@V?$allocator@U?$pair@$$CBV?$basic_string@DU?$char_traits@D@std@@V?$allocator@D@2@@std@@PAVTextureMap@@@std@@@2@$0A@@std@@@std@@IAE?AV?$_Tree_iterator@V?$_Tree_val@U?$_Tree_simple_types@U?$pair@$$CBV?$basic_string@DU?$char_traits@D@std@@V?$allocator@D@2@@std@@PAVTextureMap@@@std@@@std@@@std@@@1@V?$_Tree_const_iterator@V?$_Tree_val@U?$_Tree_simple_types@U?$pair@$$CBV?$basic_string@DU?$char_traits@D@std@@V?$allocator@D@2@@std@@PAVTextureMap@@@std@@@std@@@std@@@1@AAU?$pair@$$CBV?$basic_string@DU?$char_traits@D@std@@V?$allocator@D@2@@std@@PAVTextureMap@@@1@PAU?$_Tree_node@U?$pair@$$CBV?$basic_string@DU?$char_traits@D@std@@V?$allocator@D@2@@std@@PAVTextureMap@@@std@@PAX@1@@Z 00427410 f i scene.obj
 0001:00026670       ??$_Insert_nohint@AAU?$pair@$$CBV?$basic_string@DU?$char_traits@D@std@@V?$allocator@D@2@@std@@PAVTextureMap@@@std@@PAU?$_Tree_node@U?$pair@$$CBV?$basic_string@DU?$char_traits@D@std@@V?$allocator@D@2@@std@@PAVTextureMap@@@std@@PAX@2@@?$_Tree@V?$_Tmap_traits@V?$basic_string@DU?$char_traits@D@std@@V?$allocator@D@2@@std@@PAVTextureMap@@U?$less@V?$basic_string@DU?$char_traits@D@std@@V?$allocator@D@2@@std@@@2@V?$allocator@U?$pair@$$CBV?$basic_string@DU?$char_traits@D@std@@V?$allocator@D@2@@std@@PAVTextureMap@@@std@@@2@$0A@@std@@@std@@IAE?AU?$pair@V?$_Tree_iterator@V?$_Tree_val@U?$_Tree_simple_types@U?$pair@$$CBV?$basic_string@DU?$char_traits@D@std@@V?$allocator@D@2@@std@@PAVTextureMap@@@std@@@std@@@std@@@std@@_N@1@_NAAU?$pair@$$CBV?$basic_string@DU?$char_traits@D@std@@V?$allocator@D@2@@std@@PAVTextureMap@@@1@PAU?$_Tree_node@U?$pair@$$CBV?$basic_string@DU?$char_traits@D@std@@V?$allocator@D@2@@std@@PAVTextureMap@@@std@@PAX@1@@Z 00427670 f i scene.obj
 0001:000268e0       ??$_Lbound@V?$basic_string@DU?$char_traits@D@std@@V?$allocator@D@2@@std@@@?$_Tree@V?$_Tmap_traits@V?$basic_string@DU?$char_traits@D@std@@V?$allocator@D@2@@std@@PAVTextureMap@@U?$less@V?$basic_string@DU?$char_traits@D@std@@V?$allocator@D@2@@std@@@2@V?$allocator@U?$pair@$$CBV?$basic_string@DU?$char_traits@D@std@@V?$allocator@D@2@@std@@PAVTextureMap@@@std@@@2@$0A@@std@@@std@@IBEPAU?$_Tree_node@U?$pair@$$CBV?$basic_string@DU?$char_traits@D@std@@V?$allocator@D@2@@std@@PAVTextureMap@@@std@@PAX@1@ABV?$basic_string@DU?$char_traits@D@std@@V?$allocator@D@2@@1@@Z 004278e0 f i scene.obj
 0001:000269c0       ??$_Try_emplace@ABV?$basic_string@DU?$char_traits@D@std@@V?$allocator@D@2@@std@@$$V@?$map@V?$basic_string@DU?$char_traits@D@std@@V?$allocator@D@2@@std@@PAVTextureMap@@U?$less@V?$basic_string@DU?$char_traits@D@std@@V?$allocator@D@2@@std@@@2@V?$allocator@U?$pair@$$CBV?$basic_string@DU?$char_traits@D@std@@V?$allocator@D@2@@std@@PAVTextureMap@@@std@@@2@@std@@QAE?AU?$pair@V?$_Tree_iterator@V?$_Tree_val@U?$_Tree_simple_types@U?$pair@$$CBV?$basic_string@DU?$char_traits@D@std@@V?$allocator@D@2@@std@@PAVTextureMap@@@std@@@std@@@std@@@std@@_N@1@ABV?$basic_string@DU?$char_traits@D@std@@V?$allocator@D@2@@1@@Z 004279c0 f i scene.obj
 0001:00026a70       ??$_Uninitialized_move_al_unchecked1@PAU?$pair@Vray@@Visect@@@std@@PAU12@V?$allocator@U?$pair@Vray@@Visect@@@std@@@2@@std@@YAPAU?$pair@Vray@@Visect@@@0@PAU10@00AAU?$_Wrap_alloc@V?$allocator@U?$pair@Vray@@Visect@@@std@@@std@@@0@U_General_ptr_iterator_tag@0@U_Any_tag@0@@Z 00427a70 f i scene.obj
 0001:00026bf0       ??$make_pair@ABVray@@AAVisect@@@std@@YA?AU?$pair@Vray@@Visect@@@0@ABVray@@AAVisect@@@Z 00427bf0 f i scene.obj
 0001:00026c60       ??0?$KDNode@VGeometry@@@@QAE@AAV?$vector@PAVGeometry@@V?$allocator@PAVGeometry@@@std@@@std@@IH@Z 00427c60 f i scene.obj
 0001:00027320       ??0?$vector@PAVGeometry@@V?$allocator@PAVGeometry@@@std@@@std@@QAE@ABV01@@Z 00428320 f i scene.obj
 0001:000273b0       ??0Material@@QAE@ABV0@@Z   004283b0 f i scene.obj
 0001:00027560       ??0isect@@QAE@ABV0@@Z      00428560 f i scene.obj
 0001:00027610       ??1?$pair@Vray@@Visect@@@std@@QAE@XZ 00428610 f i scene.obj
 0001:00027630       ??1?$unique_ptr@V?$KDNode@VGeometry@@@@U?$default_delete@V?$KDNode@VGeometry@@@@@std@@@std@@QAE@XZ 00428630 f i scene.obj
 0001:00027640       ??1?$vector@PAVGeometry@@V?$allocator@PAVGeometry@@@std@@@std@@QAE@XZ 00428640 f i scene.obj
 0001:00027680       ??1Scene@@UAE@XZ           00428680 f   scene.obj
 0001:00027bb0       ??1TransformNode@@QAE@XZ   00428bb0 f i scene.obj
 0001:00027c80       ??3@YAXPAX0@Z              00428c80 f i scene.obj
 0001:00027c90       ??4BoundingBox@@QAEXABV0@@Z 00428c90 f   scene.obj
 0001:00027ce0       ??4Material@@QAEAAV0@ABV0@@Z 00428ce0 f i scene.obj
 0001:00027e80       ??4isect@@QAEAAV0@ABV0@@Z  00428e80 f i scene.obj
 0001:00027f50       ??E?$_Tree_unchecked_const_iterator@V?$_Tree_val@U?$_Tree_simple_types@U?$pair@$$CBV?$basic_string@DU?$char_traits@D@std@@V?$allocator@D@2@@std@@PAVTextureMap@@@std@@@std@@@std@@U_Iterator_base0@2@@std@@QAEAAV01@XZ 00428f50 f i scene.obj
 0001:00027fa0       ??F?$_Tree_unchecked_const_iterator@V?$_Tree_val@U?$_Tree_simple_types@U?$pair@$$CBV?$basic_string@DU?$char_traits@D@std@@V?$allocator@D@2@@std@@PAVTextureMap@@@std@@@std@@@std@@U_Iterator_base0@2@@std@@QAEAAV01@XZ 00428fa0 f i scene.obj
 0001:00028000       ??R?$default_delete@V?$KDNode@VGeometry@@@@@std@@QBEXPAV?$KDNode@VGeometry@@@@@Z 00429000 f i scene.obj
 0001:00028060       ??R?$less@V?$basic_string@DU?$char_traits@D@std@@V?$allocator@D@2@@std@@@std@@QBE_NABV?$basic_string@DU?$char_traits@D@std@@V?$allocator@D@2@@1@0@Z 00429060 f i scene.obj
 0001:000280c0       ??_EScene@@UAEPAXI@Z       004290c0 f i scene.obj
 0001:000280c0       ??_GScene@@UAEPAXI@Z       004290c0 f i scene.obj
 0001:000280f0       ?_Buynode0@?$_Tree_comp_alloc@V?$_Tmap_traits@V?$basic_string@DU?$char_traits@D@std@@V?$allocator@D@2@@std@@PAVTextureMap@@U?$less@V?$basic_string@DU?$char_traits@D@std@@V?$allocator@D@2@@std@@@2@V?$allocator@U?$pair@$$CBV?$basic_string@DU?$char_traits@D@std@@V?$allocator@D@2@@std@@PAVTextureMap@@@std@@@2@$0A@@std@@@std@@QAEPAU?$_Tree_node@U?$pair@$$CBV?$basic_string@DU?$char_traits@D@std@@V?$allocator@D@2@@std@@PAVTextureMap@@@std@@PAX@2@XZ 004290f0 f i scene.obj
 0001:00028130       ?_Destroy_if_not_nil@?$_Tree@V?$_Tmap_traits@V?$basic_string@DU?$char_traits@D@std@@V?$allocator@D@2@@std@@PAVTextureMap@@U?$less@V?$basic_string@DU?$char_traits@D@std@@V?$allocator@D@2@@std@@@2@V?$allocator@U?$pair@$$CBV?$basic_string@DU?$char_traits@D@std@@V?$allocator@D@2@@std@@PAVTextureMap@@@std@@@2@$0A@@std@@@std@@IAEXPAU?$_Tree_node@U?$pair@$$CBV?$basic_string@DU?$char_traits@D@std@@V?$allocator@D@2@@std@@PAVTextureMap@@@std@@PAX@2@@Z 00429130 f i scene.obj
 0001:00028180       ?_Erase@?$_Tree@V?$_Tmap_traits@V?$basic_string@DU?$char_traits@D@std@@V?$allocator@D@2@@std@@PAVTextureMap@@U?$less@V?$basic_string@DU?$char_traits@D@std@@V?$allocator@D@2@@std@@@2@V?$allocator@U?$pair@$$CBV?$basic_string@DU?$char_traits@D@std@@V?$allocator@D@2@@std@@PAVTextureMap@@@std@@@2@$0A@@std@@@std@@IAEXPAU?$_Tree_node@U?$pair@$$CBV?$basic_string@DU?$char_traits@D@std@@V?$allocator@D@2@@std@@PAVTextureMap@@@std@@PAX@2@@Z 00429180 f i scene.obj
 0001:00028230       ?_Lrotate@?$_Tree@V?$_Tmap_traits@V?$basic_string@DU?$char_traits@D@std@@V?$allocator@D@2@@std@@PAVTextureMap@@U?$less@V?$basic_string@DU?$char_traits@D@std@@V?$allocator@D@2@@std@@@2@V?$allocator@U?$pair@$$CBV?$basic_string@DU?$char_traits@D@std@@V?$allocator@D@2@@std@@PAVTextureMap@@@std@@@2@$0A@@std@@@std@@IAEXPAU?$_Tree_node@U?$pair@$$CBV?$basic_string@DU?$char_traits@D@std@@V?$allocator@D@2@@std@@PAVTextureMap@@@std@@PAX@2@@Z 00429230 f i scene.obj
 0001:00028290       ?_Reallocate@?$vector@PAVGeometry@@V?$allocator@PAVGeometry@@@std@@@std@@IAEXI@Z 00429290 f i scene.obj
 0001:000282f0       ?_Reallocate@?$vector@U?$pair@Vray@@Visect@@@std@@V?$allocator@U?$pair@Vray@@Visect@@@std@@@2@@std@@IAEXI@Z 004292f0 f i scene.obj
 0001:00028400       ?_Reserve@?$vector@U?$pair@Vray@@Visect@@@std@@V?$allocator@U?$pair@Vray@@Visect@@@std@@@2@@std@@IAEXI@Z 00429400 f i scene.obj
 0001:000284a0       ?_Rrotate@?$_Tree@V?$_Tmap_traits@V?$basic_string@DU?$char_traits@D@std@@V?$allocator@D@2@@std@@PAVTextureMap@@U?$less@V?$basic_string@DU?$char_traits@D@std@@V?$allocator@D@2@@std@@@2@V?$allocator@U?$pair@$$CBV?$basic_string@DU?$char_traits@D@std@@V?$allocator@D@2@@std@@PAVTextureMap@@@std@@@2@$0A@@std@@@std@@IAEXPAU?$_Tree_node@U?$pair@$$CBV?$basic_string@DU?$char_traits@D@std@@V?$allocator@D@2@@std@@PAVTextureMap@@@std@@PAX@2@@Z 004294a0 f i scene.obj
 0001:00028500       ?allocate@?$allocator@PAVGeometry@@@std@@QAEPAPAVGeometry@@I@Z 00429500 f i scene.obj
 0001:00028570       ?allocate@?$allocator@U?$pair@Vray@@Visect@@@std@@@std@@QAEPAU?$pair@Vray@@Visect@@@2@I@Z 00429570 f i scene.obj
 0001:000285f0       ?buildKdTree@Scene@@QAEXXZ 004295f0 f   scene.obj
 0001:00028780       ?compare@?$char_traits@D@std@@SAHPBD0I@Z 00429780 f i scene.obj
 0001:000287f0       ?erase@?$_Tree@V?$_Tmap_traits@V?$basic_string@DU?$char_traits@D@std@@V?$allocator@D@2@@std@@PAVTextureMap@@U?$less@V?$basic_string@DU?$char_traits@D@std@@V?$allocator@D@2@@std@@@2@V?$allocator@U?$pair@$$CBV?$basic_string@DU?$char_traits@D@std@@V?$allocator@D@2@@std@@PAVTextureMap@@@std@@@2@$0A@@std@@@std@@QAE?AV?$_Tree_iterator@V?$_Tree_val@U?$_Tree_simple_types@U?$pair@$$CBV?$basic_string@DU?$char_traits@D@std@@V?$allocator@D@2@@std@@PAVTextureMap@@@std@@@std@@@std@@@2@V?$_Tree_const_iterator@V?$_Tree_val@U?$_Tree_simple_types@U?$pair@$$CBV?$basic_string@DU?$char_traits@D@std@@V?$allocator@D@2@@std@@PAVTextureMap@@@std@@@std@@@std@@@2@0@Z 004297f0 f i scene.obj
 0001:000288e0       ?erase@?$_Tree@V?$_Tmap_traits@V?$basic_string@DU?$char_traits@D@std@@V?$allocator@D@2@@std@@PAVTextureMap@@U?$less@V?$basic_string@DU?$char_traits@D@std@@V?$allocator@D@2@@std@@@2@V?$allocator@U?$pair@$$CBV?$basic_string@DU?$char_traits@D@std@@V?$allocator@D@2@@std@@PAVTextureMap@@@std@@@2@$0A@@std@@@std@@QAE?AV?$_Tree_iterator@V?$_Tree_val@U?$_Tree_simple_types@U?$pair@$$CBV?$basic_string@DU?$char_traits@D@std@@V?$allocator@D@2@@std@@PAVTextureMap@@@std@@@std@@@std@@@2@V?$_Tree_const_iterator@V?$_Tree_val@U?$_Tree_simple_types@U?$pair@$$CBV?$basic_string@DU?$char_traits@D@std@@V?$allocator@D@2@@std@@PAVTextureMap@@@std@@@std@@@std@@@2@@Z 004298e0 f i scene.obj
 0001:00028bd0       ?find@?$_Tree@V?$_Tmap_traits@V?$basic_string@DU?$char_traits@D@std@@V?$allocator@D@2@@std@@PAVTextureMap@@U?$less@V?$basic_string@DU?$char_traits@D@std@@V?$allocator@D@2@@std@@@2@V?$allocator@U?$pair@$$CBV?$basic_string@DU?$char_traits@D@std@@V?$allocator@D@2@@std@@PAVTextureMap@@@std@@@2@$0A@@std@@@std@@QAE?AV?$_Tree_iterator@V?$_Tree_val@U?$_Tree_simple_types@U?$pair@$$CBV?$basic_string@DU?$char_traits@D@std@@V?$allocator@D@2@@std@@PAVTextureMap@@@std@@@std@@@std@@@2@ABV?$basic_string@DU?$char_traits@D@std@@V?$allocator@D@2@@2@@Z 00429bd0 f i scene.obj
 0001:00028c60       ?getSplitAxis@BoundingBox@@QBEHXZ 00429c60 f   scene.obj
 0001:00028cb0       ?getTexture@Scene@@QAEPAVTextureMap@@V?$basic_string@DU?$char_traits@D@std@@V?$allocator@D@2@@std@@@Z 00429cb0 f   scene.obj
 0001:00028db0       ?hasBoundingBoxCapability@Geometry@@UBE_NXZ 00429db0 f   scene.obj
 0001:00028dc0       ?intersect@?$KDNode@VGeometry@@@@QAE_NABVray@@AAVisect@@@Z 00429dc0 f i scene.obj
 0001:00028f10       ?intersect@BoundingBox@@QBE_NABVray@@AAN1@Z 00429f10 f   scene.obj
 0001:00029040       ?intersect@Geometry@@QBE_NABVray@@AAVisect@@@Z 0042a040 f   scene.obj
 0001:000293e0       ?intersect@Scene@@QBE_NABVray@@AAVisect@@@Z 0042a3e0 f   scene.obj
 0001:00029550       ?intersects@BoundingBox@@QBE_NABV1@@Z 0042a550 f   scene.obj
 0001:000295e0       ?intersects@BoundingBox@@QBE_NABV?$Vec3@N@@@Z 0042a5e0 f   scene.obj
 0001:00029660       ?mergeBoxs@BoundingBox@@QAEXABV1@@Z 0042a660 f   scene.obj
 0001:000296e0       ?push_back@?$vector@U?$pair@Vray@@Visect@@@std@@V?$allocator@U?$pair@Vray@@Visect@@@std@@@2@@std@@QAEX$$QAU?$pair@Vray@@Visect@@@2@@Z 0042a6e0 f i scene.obj
 0001:00029840       ?intersectLocal@Box@@UBE_NABVray@@AAVisect@@@Z 0042a840 f   Box.obj
 0001:00029ad0       ?intersectLocal@Cone@@UBE_NABVray@@AAVisect@@@Z 0042aad0 f   Cone.obj
 0001:00029fe0       ?isGoodRoot@Cone@@IBE_NV?$Vec3@N@@@Z 0042afe0 f   Cone.obj
 0001:0002a010       ?intersectBody@Cylinder@@QBE_NABVray@@AAVisect@@@Z 0042b010 f   Cylinder.obj
 0001:0002a340       ?intersectCaps@Cylinder@@QBE_NABVray@@AAVisect@@@Z 0042b340 f   Cylinder.obj
 0001:0002a4c0       ?intersectLocal@Cylinder@@UBE_NABVray@@AAVisect@@@Z 0042b4c0 f   Cylinder.obj
 0001:0002a590       ?intersectLocal@Sphere@@UBE_NABVray@@AAVisect@@@Z 0042b590 f   Sphere.obj
 0001:0002a8b0       ?intersectLocal@Square@@UBE_NABVray@@AAVisect@@@Z 0042b8b0 f   Square.obj
 0001:0002a9d0       ??$?8V?$KDNode@VTrimeshFace@@@@U?$default_delete@V?$KDNode@VTrimeshFace@@@@@std@@@std@@YA_NABV?$unique_ptr@V?$KDNode@VTrimeshFace@@@@U?$default_delete@V?$KDNode@VTrimeshFace@@@@@std@@@0@$$T@Z 0042b9d0 f i trimesh.obj
 0001:0002a9e0       ??$?9V?$KDNode@VTrimeshFace@@@@U?$default_delete@V?$KDNode@VTrimeshFace@@@@@std@@@std@@YA_NABV?$unique_ptr@V?$KDNode@VTrimeshFace@@@@U?$default_delete@V?$KDNode@VTrimeshFace@@@@@std@@@0@$$T@Z 0042b9e0 f i trimesh.obj
 0001:0002a9f0       ??$_Uninitialized_default_fill_n1@PAV?$Vec3@N@@IV?$allocator@V?$Vec3@N@@@std@@@std@@YAXPAV?$Vec3@N@@IAAU?$_Wrap_alloc@V?$allocator@V?$Vec3@N@@@std@@@0@U?$integral_constant@_N$0A@@0@@Z 0042b9f0 f i trimesh.obj
 0001:0002aa20       ??$_Uninitialized_move_al_unchecked1@PAV?$Vec3@N@@PAV1@V?$allocator@V?$Vec3@N@@@std@@@std@@YAPAV?$Vec3@N@@PAV1@00AAU?$_Wrap_alloc@V?$allocator@V?$Vec3@N@@@std@@@0@U_General_ptr_iterator_tag@0@U_Any_tag@0@@Z 0042ba20 f i trimesh.obj
 0001:0002aa60       ??0?$KDNode@VTrimeshFace@@@@QAE@AAV?$vector@PAVTrimeshFace@@V?$allocator@PAVTrimeshFace@@@std@@@std@@IH@Z 0042ba60 f i trimesh.obj
 0001:0002b0b0       ??0?$vector@PAVTrimeshFace@@V?$allocator@PAVTrimeshFace@@@std@@@std@@QAE@ABV01@@Z 0042c0b0 f i trimesh.obj
 0001:0002b140       ??0TrimeshFace@@QAE@PAVScene@@PAVMaterial@@PAVTrimesh@@HHH@Z 0042c140 f i trimesh.obj
 0001:0002b210       ??1?$unique_ptr@V?$KDNode@VTrimeshFace@@@@U?$default_delete@V?$KDNode@VTrimeshFace@@@@@std@@@std@@QAE@XZ 0042c210 f i trimesh.obj
 0001:0002b220       ??1?$vector@PAVTrimeshFace@@V?$allocator@PAVTrimeshFace@@@std@@@std@@QAE@XZ 0042c220 f i trimesh.obj
 0001:0002b260       ??1MaterialSceneObject@@UAE@XZ 0042c260 f i trimesh.obj
 0001:0002b290       ??1SceneElement@@UAE@XZ    0042c290 f i trimesh.obj
 0001:0002b2a0       ??1Trimesh@@UAE@XZ         0042c2a0 f   trimesh.obj
 0001:0002b540       ??R?$default_delete@V?$KDNode@VTrimeshFace@@@@@std@@QBEXPAV?$KDNode@VTrimeshFace@@@@@Z 0042c540 f i trimesh.obj
 0001:0002b5a0       ??_GGeometry@@UAEPAXI@Z    0042c5a0 f i trimesh.obj
 0001:0002b5a0       ??_EGeometry@@UAEPAXI@Z    0042c5a0 f i trimesh.obj
 0001:0002b5d0       ??_EMaterialSceneObject@@UAEPAXI@Z 0042c5d0 f i trimesh.obj
 0001:0002b5d0       ??_GMaterialSceneObject@@UAEPAXI@Z 0042c5d0 f i trimesh.obj
 0001:0002b610       ??_ESceneElement@@UAEPAXI@Z 0042c610 f i trimesh.obj
 0001:0002b610       ??_GSceneElement@@UAEPAXI@Z 0042c610 f i trimesh.obj
 0001:0002b640       ??_GSceneObject@@UAEPAXI@Z 0042c640 f i trimesh.obj
 0001:0002b640       ??_ESceneObject@@UAEPAXI@Z 0042c640 f i trimesh.obj
 0001:0002b670       ??_ETrimesh@@UAEPAXI@Z     0042c670 f i trimesh.obj
 0001:0002b670       ??_GTrimesh@@UAEPAXI@Z     0042c670 f i trimesh.obj
 0001:0002b6a0       ??_GTrimeshFace@@UAEPAXI@Z 0042c6a0 f i trimesh.obj
 0001:0002b6a0       ??_ETrimeshFace@@UAEPAXI@Z 0042c6a0 f i trimesh.obj
 0001:0002b6e0       ?ComputeBoundingBox@Geometry@@UAEXXZ 0042c6e0 f i trimesh.obj
 0001:0002bd30       ?ComputeLocalBoundingBox@Geometry@@UAE?AVBoundingBox@@XZ 0042cd30 f i trimesh.obj
 0001:0002bd60       ?ComputeLocalBoundingBox@Trimesh@@UAE?AVBoundingBox@@XZ 0042cd60 f i trimesh.obj
 0001:0002be40       ?ComputeLocalBoundingBox@TrimeshFace@@UAE?AVBoundingBox@@XZ 0042ce40 f i trimesh.obj
 0001:0002bf60       ?_Reallocate@?$vector@PAVMaterial@@V?$allocator@PAVMaterial@@@std@@@std@@IAEXI@Z 0042cf60 f i trimesh.obj
 0001:0002bfc0       ?_Reallocate@?$vector@PAVTrimeshFace@@V?$allocator@PAVTrimeshFace@@@std@@@std@@IAEXI@Z 0042cfc0 f i trimesh.obj
 0001:0002c020       ?_Reallocate@?$vector@V?$Vec3@N@@V?$allocator@V?$Vec3@N@@@std@@@std@@IAEXI@Z 0042d020 f i trimesh.obj
 0001:0002c100       ?_Reserve@?$vector@PAVMaterial@@V?$allocator@PAVMaterial@@@std@@@std@@IAEXI@Z 0042d100 f i trimesh.obj
 0001:0002c170       ?_Reserve@?$vector@PAVTrimeshFace@@V?$allocator@PAVTrimeshFace@@@std@@@std@@IAEXI@Z 0042d170 f i trimesh.obj
 0001:0002c1e0       ?_Reserve@?$vector@V?$Vec3@N@@V?$allocator@V?$Vec3@N@@@std@@@std@@IAEXI@Z 0042d1e0 f i trimesh.obj
 0001:0002c280       ?_Tidy@?$vector@V?$Vec3@N@@V?$allocator@V?$Vec3@N@@@std@@@std@@IAEXXZ 0042d280 f i trimesh.obj
 0001:0002c2d0       ?addFace@Trimesh@@QAE_NHHH@Z 0042d2d0 f   trimesh.obj
 0001:0002c3d0       ?addMaterial@Trimesh@@QAEXPAVMaterial@@@Z 0042d3d0 f   trimesh.obj
 0001:0002c3f0       ?addNormal@Trimesh@@QAEXABV?$Vec3@N@@@Z 0042d3f0 f   trimesh.obj
 0001:0002c400       ?addVertex@Trimesh@@QAEXABV?$Vec3@N@@@Z 0042d400 f   trimesh.obj
 0001:0002c410       ?allocate@?$allocator@PAVMaterial@@@std@@QAEPAPAVMaterial@@I@Z 0042d410 f i trimesh.obj
 0001:0002c480       ?allocate@?$allocator@PAVTrimeshFace@@@std@@QAEPAPAVTrimeshFace@@I@Z 0042d480 f i trimesh.obj
 0001:0002c4f0       ?allocate@?$allocator@V?$Vec3@N@@@std@@QAEPAV?$Vec3@N@@I@Z 0042d4f0 f i trimesh.obj
 0001:0002c560       ?buildKdTree@Geometry@@UAEXXZ 0042d560 f i trimesh.obj
 0001:0002c570       ?buildKdTree@Trimesh@@UAEXXZ 0042d570 f i trimesh.obj
 0001:0002c600       ?crossProd@@YA?AV?$Vec3@N@@V1@0@Z 0042d600 f   trimesh.obj
 0001:0002c670       ?doubleCheck@Trimesh@@QAEPADXZ 0042d670 f   trimesh.obj
 0001:0002c6f0       ?generateNormals@Trimesh@@QAEXXZ 0042d6f0 f   trimesh.obj
 0001:0002c980       ?getMaterial@MaterialSceneObject@@UBEABVMaterial@@XZ 0042d980 f i trimesh.obj
 0001:0002c990       ?glDraw@SceneElement@@UBEXH_N0@Z 0042d990 f i trimesh.obj
 0001:0002c9a0       ?glDrawLocal@Geometry@@UBEXH_N0@Z 0042d9a0 f i trimesh.obj
 0001:0002c9b0       ?hasBoundingBoxCapability@Trimesh@@UBE_NXZ 0042d9b0 f i trimesh.obj
 0001:0002c9c0       ?hasBoundingBoxCapability@TrimeshFace@@UBE_NXZ 0042d9c0 f i trimesh.obj
 0001:0002c9d0       ?intersect@?$KDNode@VTrimeshFace@@@@QAE_NABVray@@AAVisect@@@Z 0042d9d0 f i trimesh.obj
 0001:0002cb20       ?intersectLocal@Trimesh@@UBE_NABVray@@AAVisect@@@Z 0042db20 f   trimesh.obj
 0001:0002cc30       ?intersectLocal@TrimeshFace@@UBE_NABVray@@AAVisect@@@Z 0042dc30 f   trimesh.obj
 0001:0002d0f0       ?isTrimesh@Geometry@@UBE_NXZ 0042e0f0 f i trimesh.obj
 0001:0002d100       ?isTrimesh@Trimesh@@UBE_NXZ 0042e100 f i trimesh.obj
 0001:0002d110       ?push_back@?$vector@PAVMaterial@@V?$allocator@PAVMaterial@@@std@@@std@@QAEXABQAVMaterial@@@Z 0042e110 f i trimesh.obj
 0001:0002d180       ?push_back@?$vector@PAVTrimeshFace@@V?$allocator@PAVTrimeshFace@@@std@@@std@@QAEXABQAVTrimeshFace@@@Z 0042e180 f i trimesh.obj
 0001:0002d1f0       ?push_back@?$vector@V?$Vec3@N@@V?$allocator@V?$Vec3@N@@@std@@@std@@QAEXABV?$Vec3@N@@@Z 0042e1f0 f i trimesh.obj
 0001:0002d2a0       ?resize@?$vector@V?$Vec3@N@@V?$allocator@V?$Vec3@N@@@std@@@std@@QAEXI@Z 0042e2a0 f i trimesh.obj
 0001:0002d3a0       ?setMaterial@MaterialSceneObject@@UAEXPAVMaterial@@@Z 0042e3a0 f i trimesh.obj
 0001:0002d3d0       ??$?DN@@YA?AV?$Mat4@N@@ABV0@0@Z 0042e3d0 f i Parser.obj
 0001:0002d730       ??$_Buynode@ABUpiecewise_construct_t@std@@V?$tuple@$$QAV?$basic_string@DU?$char_traits@D@std@@V?$allocator@D@2@@std@@@2@V?$tuple@$$V@2@@?$_Tree_comp_alloc@V?$_Tmap_traits@V?$basic_string@DU?$char_traits@D@std@@V?$allocator@D@2@@std@@VMaterial@@U?$less@V?$basic_string@DU?$char_traits@D@std@@V?$allocator@D@2@@std@@@2@V?$allocator@U?$pair@$$CBV?$basic_string@DU?$char_traits@D@std@@V?$allocator@D@2@@std@@VMaterial@@@std@@@2@$0A@@std@@@std@@QAEPAU?$_Tree_node@U?$pair@$$CBV?$basic_string@DU?$char_traits@D@std@@V?$allocator@D@2@@std@@VMaterial@@@std@@PAX@1@ABUpiecewise_construct_t@1@$$QAV?$tuple@$$QAV?$basic_string@DU?$char_traits@D@std@@V?$allocator@D@2@@std@@@1@$$QAV?$tuple@$$V@1@@Z 0042e730 f i Parser.obj
 0001:0002d780       ??$_Buynode@ABUpiecewise_construct_t@std@@V?$tuple@ABV?$basic_string@DU?$char_traits@D@std@@V?$allocator@D@2@@std@@@2@V?$tuple@$$V@2@@?$_Tree_comp_alloc@V?$_Tmap_traits@V?$basic_string@DU?$char_traits@D@std@@V?$allocator@D@2@@std@@VMaterial@@U?$less@V?$basic_string@DU?$char_traits@D@std@@V?$allocator@D@2@@std@@@2@V?$allocator@U?$pair@$$CBV?$basic_string@DU?$char_traits@D@std@@V?$allocator@D@2@@std@@VMaterial@@@std@@@2@$0A@@std@@@std@@QAEPAU?$_Tree_node@U?$pair@$$CBV?$basic_string@DU?$char_traits@D@std@@V?$allocator@D@2@@std@@VMaterial@@@std@@PAX@1@ABUpiecewise_construct_t@1@$$QAV?$tuple@ABV?$basic_string@DU?$char_traits@D@std@@V?$allocator@D@2@@std@@@1@$$QAV?$tuple@$$V@1@@Z 0042e780 f i Parser.obj
 0001:0002d840       ??$_Buynode@N@?$_List_buy@NV?$allocator@N@std@@@std@@QAEPAU?$_List_node@NPAX@1@PAU21@0$$QAN@Z 0042e840 f i Parser.obj
 0001:0002d870       ??$_Buynode@V?$Vec3@N@@@?$_List_buy@V?$Vec3@N@@V?$allocator@V?$Vec3@N@@@std@@@std@@QAEPAU?$_List_node@V?$Vec3@N@@PAX@1@PAU21@0$$QAV?$Vec3@N@@@Z 0042e870 f i Parser.obj
 0001:0002d8b0       ??$_Insert_at@AAU?$pair@$$CBV?$basic_string@DU?$char_traits@D@std@@V?$allocator@D@2@@std@@VMaterial@@@std@@PAU?$_Tree_node@U?$pair@$$CBV?$basic_string@DU?$char_traits@D@std@@V?$allocator@D@2@@std@@VMaterial@@@std@@PAX@2@@?$_Tree@V?$_Tmap_traits@V?$basic_string@DU?$char_traits@D@std@@V?$allocator@D@2@@std@@VMaterial@@U?$less@V?$basic_string@DU?$char_traits@D@std@@V?$allocator@D@2@@std@@@2@V?$allocator@U?$pair@$$CBV?$basic_string@DU?$char_traits@D@std@@V?$allocator@D@2@@std@@VMaterial@@@std@@@2@$0A@@std@@@std@@IAE?AV?$_Tree_iterator@V?$_Tree_val@U?$_Tree_simple_types@U?$pair@$$CBV?$basic_string@DU?$char_traits@D@std@@V?$allocator@D@2@@std@@VMaterial@@@std@@@std@@@std@@@1@_NPAU?$_Tree_node@U?$pair@$$CBV?$basic_string@DU?$char_traits@D@std@@V?$allocator@D@2@@std@@VMaterial@@@std@@PAX@1@AAU?$pair@$$CBV?$basic_string@DU?$char_traits@D@std@@V?$allocator@D@2@@std@@VMaterial@@@1@1@Z 0042e8b0 f i Parser.obj
 0001:0002da80       ??$_Insert_hint@AAU?$pair@$$CBV?$basic_string@DU?$char_traits@D@std@@V?$allocator@D@2@@std@@VMaterial@@@std@@PAU?$_Tree_node@U?$pair@$$CBV?$basic_string@DU?$char_traits@D@std@@V?$allocator@D@2@@std@@VMaterial@@@std@@PAX@2@@?$_Tree@V?$_Tmap_traits@V?$basic_string@DU?$char_traits@D@std@@V?$allocator@D@2@@std@@VMaterial@@U?$less@V?$basic_string@DU?$char_traits@D@std@@V?$allocator@D@2@@std@@@2@V?$allocator@U?$pair@$$CBV?$basic_string@DU?$char_traits@D@std@@V?$allocator@D@2@@std@@VMaterial@@@std@@@2@$0A@@std@@@std@@IAE?AV?$_Tree_iterator@V?$_Tree_val@U?$_Tree_simple_types@U?$pair@$$CBV?$basic_string@DU?$char_traits@D@std@@V?$allocator@D@2@@std@@VMaterial@@@std@@@std@@@std@@@1@V?$_Tree_const_iterator@V?$_Tree_val@U?$_Tree_simple_types@U?$pair@$$CBV?$basic_string@DU?$char_traits@D@std@@V?$allocator@D@2@@std@@VMaterial@@@std@@@std@@@std@@@1@AAU?$pair@$$CBV?$basic_string@DU?$char_traits@D@std@@V?$allocator@D@2@@std@@VMaterial@@@1@PAU?$_Tree_node@U?$pair@$$CBV?$basic_string@DU?$char_traits@D@std@@V?$allocator@D@2@@std@@VMaterial@@@std@@PAX@1@@Z 0042ea80 f i Parser.obj
 0001:0002dce0       ??$_Insert_nohint@AAU?$pair@$$CBV?$basic_string@DU?$char_traits@D@std@@V?$allocator@D@2@@std@@VMaterial@@@std@@PAU?$_Tree_node@U?$pair@$$CBV?$basic_string@DU?$char_traits@D@std@@V?$allocator@D@2@@std@@VMaterial@@@std@@PAX@2@@?$_Tree@V?$_Tmap_traits@V?$basic_string@DU?$char_traits@D@std@@V?$allocator@D@2@@std@@VMaterial@@U?$less@V?$basic_string@DU?$char_traits@D@std@@V?$allocator@D@2@@std@@@2@V?$allocator@U?$pair@$$CBV?$basic_string@DU?$char_traits@D@std@@V?$allocator@D@2@@std@@VMaterial@@@std@@@2@$0A@@std@@@std@@IAE?AU?$pair@V?$_Tree_iterator@V?$_Tree_val@U?$_Tree_simple_types@U?$pair@$$CBV?$basic_string@DU?$char_traits@D@std@@V?$allocator@D@2@@std@@VMaterial@@@std@@@std@@@std@@@std@@_N@1@_NAAU?$pair@$$CBV?$basic_string@DU?$char_traits@D@std@@V?$allocator@D@2@@std@@VMaterial@@@1@PAU?$_Tree_node@U?$pair@$$CBV?$basic_string@DU?$char_traits@D@std@@V?$allocator@D@2@@std@@VMaterial@@@std@@PAX@1@@Z 0042ece0 f i Parser.obj
 0001:0002df50       ??$_Lbound@V?$basic_string@DU?$char_traits@D@std@@V?$allocator@D@2@@std@@@?$_Tree@V?$_Tmap_traits@V?$basic_string@DU?$char_traits@D@std@@V?$allocator@D@2@@std@@VMaterial@@U?$less@V?$basic_string@DU?$char_traits@D@std@@V?$allocator@D@2@@std@@@2@V?$allocator@U?$pair@$$CBV?$basic_string@DU?$char_traits@D@std@@V?$allocator@D@2@@std@@VMaterial@@@std@@@2@$0A@@std@@@std@@IBEPAU?$_Tree_node@U?$pair@$$CBV?$basic_string@DU?$char_traits@D@std@@V?$allocator@D@2@@std@@VMaterial@@@std@@PAX@1@ABV?$basic_string@DU?$char_traits@D@std@@V?$allocator@D@2@@1@@Z 0042ef50 f i Parser.obj
 0001:0002e030       ??$_Try_emplace@ABV?$basic_string@DU?$char_traits@D@std@@V?$allocator@D@2@@std@@$$V@?$map@V?$basic_string@DU?$char_traits@D@std@@V?$allocator@D@2@@std@@VMaterial@@U?$less@V?$basic_string@DU?$char_traits@D@std@@V?$allocator@D@2@@std@@@2@V?$allocator@U?$pair@$$CBV?$basic_string@DU?$char_traits@D@std@@V?$allocator@D@2@@std@@VMaterial@@@std@@@2@@std@@QAE?AU?$pair@V?$_Tree_iterator@V?$_Tree_val@U?$_Tree_simple_types@U?$pair@$$CBV?$basic_string@DU?$char_traits@D@std@@V?$allocator@D@2@@std@@VMaterial@@@std@@@std@@@std@@@std@@_N@1@ABV?$basic_string@DU?$char_traits@D@std@@V?$allocator@D@2@@1@@Z 0042f030 f i Parser.obj
 0001:0002e0e0       ??$_Try_emplace@V?$basic_string@DU?$char_traits@D@std@@V?$allocator@D@2@@std@@$$V@?$map@V?$basic_string@DU?$char_traits@D@std@@V?$allocator@D@2@@std@@VMaterial@@U?$less@V?$basic_string@DU?$char_traits@D@std@@V?$allocator@D@2@@std@@@2@V?$allocator@U?$pair@$$CBV?$basic_string@DU?$char_traits@D@std@@V?$allocator@D@2@@std@@VMaterial@@@std@@@2@@std@@QAE?AU?$pair@V?$_Tree_iterator@V?$_Tree_val@U?$_Tree_simple_types@U?$pair@$$CBV?$basic_string@DU?$char_traits@D@std@@V?$allocator@D@2@@std@@VMaterial@@@std@@@std@@@std@@@std@@_N@1@$$QAV?$basic_string@DU?$char_traits@D@std@@V?$allocator@D@2@@1@@Z 0042f0e0 f i Parser.obj
 0001:0002e190       ??0?$basic_ostringstream@DU?$char_traits@D@std@@V?$allocator@D@2@@std@@QAE@H@Z 0042f190 f i Parser.obj
 0001:0002e270       ??0Material@@QAE@XZ        0042f270 f i Parser.obj
 0001:0002e340       ??0ParserException@@QAE@ABV0@@Z 0042f340 f i Parser.obj
 0001:0002e370       ??0ParserFatalException@@QAE@ABV0@@Z 0042f370 f i Parser.obj
 0001:0002e3a0       ??0Scene@@QAE@XZ           0042f3a0 f i Parser.obj
 0001:0002e540       ??0SyntaxErrorException@@QAE@ABV0@@Z 0042f540 f i Parser.obj
 0001:0002e5e0       ??0TransformNode@@IAE@PAV0@ABV?$Mat4@N@@@Z 0042f5e0 f i Parser.obj
 0001:0002e7d0       ??0Trimesh@@QAE@PAVScene@@PAVMaterial@@PAVTransformNode@@@Z 0042f7d0 f i Parser.obj
 0001:0002e8b0       ??1?$auto_ptr@VMaterial@@@std@@QAE@XZ 0042f8b0 f i Parser.obj
 0001:0002e8c0       ??1?$auto_ptr@VToken@@@std@@QAE@XZ 0042f8c0 f i Parser.obj
 0001:0002e8d0       ??1?$basic_ostringstream@DU?$char_traits@D@std@@V?$allocator@D@2@@std@@UAE@XZ 0042f8d0 f i Parser.obj
[...]
 0003:00004288       ?s_wsock_select@@3P6GHHPAUfd_set@@00PBUtimeval@@@ZA 004c3288     fltk:Fl.obj
 0003:0000428c       ?fl_wsk_fd_is_set@@3P6GHIPAUfd_set@@@ZA 004c328c     fltk:Fl.obj
 0003:00004290       ?s_imm_module@@3PAUHINSTANCE__@@A 004c3290     fltk:Fl.obj
 0003:00004294       ?flImmAssociateContextEx@@3P6GHPAUHWND__@@PAUHIMC__@@K@ZA 004c3294     fltk:Fl.obj
 0003:00004298       ?flImmGetContext@@3P6GPAUHIMC__@@PAUHWND__@@@ZA 004c3298     fltk:Fl.obj
 0003:0000429c       ?flImmSetCompositionWindow@@3P6GHPAUHIMC__@@PAUtagCOMPOSITIONFORM@@@ZA 004c329c     fltk:Fl.obj
 0003:000042a0       ?flImmReleaseContext@@3P6GHPAUHWND__@@PAUHIMC__@@@ZA 004c32a0     fltk:Fl.obj
 0003:000042a4       ?track_mouse_win@@3PAVFl_Window@@A 004c32a4     fltk:Fl.obj
 0003:000042a8       ?maxfd@@3HA                004c32a8     fltk:Fl.obj
 0003:000042ac       ?nfds@@3HA                 004c32ac     fltk:Fl.obj
 0003:000042b0       ?fdsets@@3PAUfd_set@@A     004c32b0     fltk:Fl.obj
 0003:000045bc       ?fd_array_size@@3HA        004c35bc     fltk:Fl.obj
 0003:000045c0       ?fd@@3PAUFD@@A             004c35c0     fltk:Fl.obj
 0003:000045c4       ?thread_message_@@3PAXA    004c35c4     fltk:Fl.obj
 0003:000045c8       ?win32_timers@@3PAUWin32Timer@@A 004c35c8     fltk:Fl.obj
 0003:000045cc       ?win32_timer_alloc@@3HA    004c35cc     fltk:Fl.obj
 0003:000045d0       ?win32_timer_used@@3HA     004c35d0     fltk:Fl.obj
 0003:000045d4       ?s_TimerWnd@@3PAUHWND__@@A 004c35d4     fltk:Fl.obj
 0003:000045d8       ?resize_bug_fix@@3PAVFl_Window@@A 004c35d8     fltk:Fl.obj
 0003:000045dc       ?default_big_icon@@3PAUHICON__@@A 004c35dc     fltk:Fl.obj
 0003:000045e0       ?default_small_icon@@3PAUHICON__@@A 004c35e0     fltk:Fl.obj
 0003:000045e4       ?win_DC_list@@3PAUWin_DC_List@@A 004c35e4     fltk:Fl.obj
 0003:000045e8       ?num_dwidgets@@3HA         004c35e8     fltk:Fl.obj
 0003:000045ec       ?alloc_dwidgets@@3HA       004c35ec     fltk:Fl.obj
 0003:000045f0       ?dwidgets@@3PAPAVFl_Widget@@A 004c35f0     fltk:Fl.obj
 0003:000045f4       ?widget_watch@@3PAPAPAVFl_Widget@@A 004c35f4     fltk:Fl.obj
 0003:000045f8       ?num_widget_watch@@3HA     004c35f8     fltk:Fl.obj
 0003:000045fc       ?max_widget_watch@@3HA     004c35fc     fltk:Fl.obj
 0003:00004600       ?in_idle@?1??fl_wait@@YAHN@Z@4DA 004c3600     fltk:Fl.obj
 0003:00004601       ?beenHereDoneThat@?1??fl_open_display@@YAXXZ@4DA 004c3601     fltk:Fl.obj
 0003:00004604       ?px@?1??mouse_event@@YAHPAVFl_Window@@HHIJ@Z@4HA 004c3604     fltk:Fl.obj
 0003:00004608       ?py@?1??mouse_event@@YAHPAVFl_Window@@HHIJ@Z@4HA 004c3608     fltk:Fl.obj
 0003:0000460c       ?pmx@?1??mouse_event@@YAHPAVFl_Window@@HHIJ@Z@4HA 004c360c     fltk:Fl.obj
 0003:00004610       ?pmy@?1??mouse_event@@YAHPAVFl_Window@@HHIJ@Z@4HA 004c3610     fltk:Fl.obj
 0003:00004618       ?vklut@?1??ms2fltk@@YAHIH@Z@4PAGA 004c3618     fltk:Fl.obj
 0003:00004818       ?extendedlut@?1??ms2fltk@@YAHIH@Z@4PAGA 004c3818     fltk:Fl.obj
 0003:00004a18       ?buffer@?DH@??WndProc@@YGJPAUHWND__@@IIJ@Z@4PADA 004c3a18     fltk:Fl.obj
 0003:00004e18       ?delta@?GG@??WndProc@@YGJPAUHWND__@@IIJ@Z@4HA 004c3e18     fltk:Fl.obj
 0003:00004e1c       ?delta@?GJ@??WndProc@@YGJPAUHWND__@@IIJ@Z@4HA 004c3e1c     fltk:Fl.obj
 0003:00004e20       ?class_name_list@?1??make@Fl_X@@SAPAV2@PAVFl_Window@@@Z@4VNameList@@A 004c3e20     fltk:Fl.obj
 0003:00004e2c       ?$TSS0@?1??make@Fl_X@@SAPAV2@PAVFl_Window@@@Z@4HA 004c3e2c     fltk:Fl.obj
 0003:00004e30       ?first_class_name@?1??make@Fl_X@@SAPAV2@PAVFl_Window@@@Z@4PBDB 004c3e30     fltk:Fl.obj
 0003:00004e44       ?message_form@@3PAVFl_Window@@A 004c3e44     fltk:fl_ask.obj
 0003:00004e48       ?message@@3PAVFl_Box@@A    004c3e48     fltk:fl_ask.obj
 0003:00004e4c       ?icon@@3PAVFl_Box@@A       004c3e4c     fltk:fl_ask.obj
 0003:00004e50       ?button@@3PAPAVFl_Button@@A 004c3e50     fltk:fl_ask.obj
 0003:00004e5c       ?input@@3PAVFl_Input@@A    004c3e5c     fltk:fl_ask.obj
 0003:00004e60       ?ret_val@@3HA              004c3e60     fltk:fl_ask.obj
 0003:00004e64       ?message_title_default@@3PBDB 004c3e64     fltk:fl_ask.obj
 0003:00004e68       ?avoidRecursion@@3DA       004c3e68     fltk:fl_ask.obj
 0003:00004e70       ?obj_queue@@3PAPAVFl_Widget@@A 004c3e70     fltk:Fl_Widget.obj
 0003:00004ec0       ?obj_head@@3HA             004c3ec0     fltk:Fl_Widget.obj
 0003:00004ec4       ?obj_tail@@3HA             004c3ec4     fltk:Fl_Widget.obj
 0003:00004edc       ?l_secret@@3HA             004c3edc     fltk:Fl_Input_.obj
 0003:00004ee0       ?undobuffer@@3PADA         004c3ee0     fltk:Fl_Input_.obj
 0003:00004ee4       ?undobufferlength@@3HA     004c3ee4     fltk:Fl_Input_.obj
 0003:00004ee8       ?undowidget@@3PAVFl_Input_@@A 004c3ee8     fltk:Fl_Input_.obj
 0003:00004eec       ?undoat@@3HA               004c3eec     fltk:Fl_Input_.obj
 0003:00004ef0       ?undocut@@3HA              004c3ef0     fltk:Fl_Input_.obj
 0003:00004ef4       ?undoinsert@@3HA           004c3ef4     fltk:Fl_Input_.obj
 0003:00004ef8       ?yankcut@@3HA              004c3ef8     fltk:Fl_Input_.obj
 0003:00004f08       ?pathname@?1??value@Fl_File_Chooser@@QAEPBDH@Z@4PADA 004c3f08     fltk:Fl_File_Chooser2.obj
 0003:00005708       ?current_label@@3PBDB      004c4708     fltk:fl_file_dir.obj
 0003:0000570c       ?fc@@3PAVFl_File_Chooser@@A 004c470c     fltk:fl_file_dir.obj
 0003:00005710       ?current_callback@@3P6AXPBD@ZA 004c4710     fltk:fl_file_dir.obj
 0003:00005718       ?retname@?1??fl_file_chooser@@YAPADPBD00H@Z@4PADA 004c4718     fltk:fl_file_dir.obj
 0003:00005f18       ?retname@?1??fl_dir_chooser@@YAPADPBD0H@Z@4PADA 004c4f18     fltk:fl_file_dir.obj
 0003:00006718       ?legal_fp_chars@@3PBDB     004c5718     fltk:Fl_Input.obj
 0003:0000671c       ?dnd_save_position@?1??handle@Fl_Input@@UAEHH@Z@4HA 004c571c     fltk:Fl_Input.obj
 0003:00006720       ?dnd_save_mark@?1??handle@Fl_Input@@UAEHH@Z@4HA 004c5720     fltk:Fl_Input.obj
 0003:00006724       ?newpos@?1??handle@Fl_Input@@UAEHH@Z@4HA 004c5724     fltk:Fl_Input.obj
 0003:00006728       ?dnd_save_focus@?1??handle@Fl_Input@@UAEHH@Z@4PAVFl_Widget@@A 004c5728     fltk:Fl_Input.obj
 0003:0000672c       ?scroll_direction@@3HA     004c572c     fltk:Fl_Text_Display.obj
 0003:00006730       ?scroll_amount@@3HA        004c5730     fltk:Fl_Text_Display.obj
 0003:00006734       ?scroll_y@@3HA             004c5734     fltk:Fl_Text_Display.obj
 0003:00006738       ?scroll_x@@3HA             004c5738     fltk:Fl_Text_Display.obj
 0003:00006740       ?fl_gmi@@3P6GHPAUHMONITOR__@@PAUtagMONITORINFO@@@ZA 004c5740     fltk:screen_xywh.obj
 0003:00006748       ?screens@@3PAUtagRECT@@A   004c5748     fltk:screen_xywh.obj
 0003:00006848       ?work_area@@3PAUtagRECT@@A 004c5848     fltk:screen_xywh.obj
 0003:00006948       ?dpi@@3PAY01MA             004c5948     fltk:screen_xywh.obj
 0003:000069f8       ?main_thread@@3KA          004c59f8     fltk:Fl_lock.obj
 0003:00006a00       ?measure@@3PAP6AXPBUFl_Label@@AAH1@ZA 004c5a00     fltk:fl_labeltype.obj
 0003:00006a4c       ?tip@@3PBDB                004c5a4c     fltk:Fl_Tooltip.obj
 0003:00006a50       ?window@@3PAVFl_TooltipBox@@A 004c5a50     fltk:Fl_Tooltip.obj
 0003:00006a54       ?Y@@3HA                    004c5a54     fltk:Fl_Tooltip.obj
 0003:00006a58       ?H@@3HA                    004c5a58     fltk:Fl_Tooltip.obj
 0003:00006a5c       ?recent_tooltip@@3DA       004c5a5c     fltk:Fl_Tooltip.obj
 0003:00006a5d       ?recursion@@3DA            004c5a5d     fltk:Fl_Tooltip.obj
 0003:00006a5e       ?beenhere@?1??set_enter_exit_once_@Fl_Tooltip@@CAXXZ@4DA 004c5a5e     fltk:Fl_Tooltip.obj
 0003:00007668       ?tmppen@@3PAXA             004c6668     fltk:fl_color.obj
 0003:0000766c       ?savepen@@3PAUHPEN__@@A    004c666c     fltk:fl_color.obj
 0003:00007670       ?xmap@?1??color@Fl_GDI_Graphics_Driver@@UAEXEEE@Z@4UFl_XMap@@A 004c6670     fltk:fl_color.obj
 0003:00007680       ?brushes@?1??fl_brush_action@@YAPAUHBRUSH__@@H@Z@4PAUFl_Brush@?1??1@YAPAU2@H@Z@A 004c6680     fltk:fl_color.obj
 0003:00007740       ?beenhere@?1??fl_select_palette@@YAPAUHPALETTE__@@XZ@4DA 004c6740     fltk:fl_color.obj
 0003:00007744       ?fl_alpha_blend@@3P6GHPAUHDC__@@HHHH0HHHHUFL_BLENDFUNCTION@@@ZA 004c6744     fltk:Fl_Double_Window.obj
 0003:00007748       ?been_here@?1??fl_can_do_alpha_blending@@YADXZ@4DA 004c6748     fltk:Fl_Double_Window.obj
 0003:00007749       ?can_do@?1??fl_can_do_alpha_blending@@YADXZ@4DA 004c6749     fltk:Fl_Double_Window.obj
 0003:000077fc       ?hMod@?1??newUUID@Fl_Preferences@@SAPBDXZ@4PAUHINSTANCE__@@A 004c67fc     fltk:Fl_Preferences.obj
 0003:0000780c       ?fl_angle_@@3HA            004c680c     fltk:fl_font.obj
 0003:00007810       ?wstr@@3PAGA               004c6810     fltk:fl_font.obj
 0003:00007814       ?wstr_len@@3HA             004c6814     fltk:fl_font.obj
 0003:00007818       ?fl_GetGlyphIndices@@3P6GKPAUHDC__@@PB_WHPAGK@ZA 004c6818     fltk:fl_font.obj
 0003:0000781c       ?have_loaded_GetGlyphIndices@@3HA 004c681c     fltk:fl_font.obj
 0003:00007820       ?ext_buff@?1??text_extents@Fl_GDI_Graphics_Driver@@UAEXPBDHAAH111@Z@4PAGA 004c6820     fltk:fl_font.obj
 0003:00007824       ?w_buff@?1??text_extents@Fl_GDI_Graphics_Driver@@UAEXPBDHAAH111@Z@4PAGA 004c6824     fltk:fl_font.obj
 0003:00007828       ?wc_len@?1??text_extents@Fl_GDI_Graphics_Driver@@UAEXPBDHAAH111@Z@4IA 004c6828     fltk:fl_font.obj
 0003:00007830       ?hMod@?1??draw@Fl_GDI_Printer_Graphics_Driver@@UAEXPAVFl_Pixmap@@HHHHHH@Z@4PAUHINSTANCE__@@A 004c6830     fltk:Fl_Pixmap.obj
 0003:00007834       ?fl_TransparentBlt@?1??draw@Fl_GDI_Printer_Graphics_Driver@@UAEXPAVFl_Pixmap@@HHHHHH@Z@4P6GHPAUHDC__@@HHHH1HHHHI@ZA 004c6834     fltk:Fl_Pixmap.obj
 0003:00007838       ?fl_TransparentBlt@?1??draw@Fl_GDI_Printer_Graphics_Driver@@UAEXPAVFl_Bitmap@@HHHHHH@Z@4P6GHPAUHDC__@@HHHH1HHHHI@ZA 004c6838     fltk:Fl_Bitmap.obj
 0003:0000783c       ?hMod@?1??draw@Fl_GDI_Printer_Graphics_Driver@@UAEXPAVFl_Bitmap@@HHHHHH@Z@4PAUHINSTANCE__@@A 004c683c     fltk:Fl_Bitmap.obj
 0003:00007840       ?ri@?1??dither@@YAXPAEPBEHH@Z@4HA 004c6840     fltk:fl_draw_image.obj
 0003:00007844       ?gi@?1??dither@@YAXPAEPBEHH@Z@4HA 004c6844     fltk:fl_draw_image.obj
 0003:00007848       ?bi@?1??dither@@YAXPAEPBEHH@Z@4HA 004c6848     fltk:fl_draw_image.obj
 0003:0000784c       ?dir@?1??dither@@YAXPAEPBEHH@Z@4HA 004c684c     fltk:fl_draw_image.obj
 0003:00007850       ?ri@?1??monodither@@YAXPAEPBEHH@Z@4HA 004c6850     fltk:fl_draw_image.obj
 0003:00007854       ?dir@?1??monodither@@YAXPAEPBEHH@Z@4HA 004c6854     fltk:fl_draw_image.obj
 0003:00007858       ?bmibuffer@?1??innards@@YAXPBEHHHHHHHP6AXPAXHHHPAE@Z1@Z@4PAIA 004c6858     fltk:fl_draw_image.obj
 0003:00007c88       ?buffer@?1??innards@@YAXPBEHHHHHHHP6AXPAXHHHPAE@Z1@Z@4PAIA 004c6c88     fltk:fl_draw_image.obj
 0003:00007c8c       ?buffer_size@?1??innards@@YAXPBEHHHHHHHP6AXPAXHHHPAE@Z1@Z@4JA 004c6c8c     fltk:fl_draw_image.obj
 0003:00007c90       ?line_buffer@?1??innards@@YAXPBEHHHHHHHP6AXPAXHHHPAE@Z1@Z@4PAIA 004c6c90     fltk:fl_draw_image.obj
 0003:00007c94       ?line_buf_size@?CH@??innards@@YAXPBEHHHHHHHP6AXPAXHHHPAE@Z1@Z@4HA 004c6c94     fltk:fl_draw_image.obj
 0003:00007cac       ?fl_bg_set@@3DA            004c6cac     fltk:Fl_get_system_colors.obj
 0003:00007cad       ?fl_bg2_set@@3DA           004c6cad     fltk:Fl_get_system_colors.obj
 0003:00007cae       ?fl_fg_set@@3DA            004c6cae     fltk:Fl_get_system_colors.obj
 0003:00007cb0       ?e@?1??scheme@Fl@@SAHPBD@Z@4PADA 004c6cb0     fltk:Fl_get_system_colors.obj
 0003:000080ec       ?mbwbuf@@3PA_WA            004c70ec     fltk:fl_utf8.obj
 0003:000080f0       ?buf@@3PADA                004c70f0     fltk:fl_utf8.obj
 0003:000080f4       ?buf_len@@3HA              004c70f4     fltk:fl_utf8.obj
 0003:000080f8       ?wbufa@@3PAGA              004c70f8     fltk:fl_utf8.obj
 0003:000080fc       ?wbuf@@3PA_WA              004c70fc     fltk:fl_utf8.obj
 0003:00008100       ?wbuf1@@3PA_WA             004c7100     fltk:fl_utf8.obj
 0003:00008104       ?table@?1??Toupper@@YAHH@Z@4PAGA 004c7104     fltk:fl_utf8.obj
 0003:00008108       ?buf@?1??fl_utf2mbcs@@9@4PADA 004c7108     fltk:fl_utf8.obj
 0003:0000810c       ?buf@?1??fl_getenv@@9@4PADA 004c710c     fltk:fl_utf8.obj
 0003:00008110       ?wbuf@?1??fl_getcwd@@9@4PA_WA 004c7110     fltk:fl_utf8.obj
 0003:00008118       ?pressed_menu_button_@@3PAVFl_Menu_Button@@A 004c7118     fltk:Fl_Menu_Button.obj
 0003:0000811c       ?button@@3PBVFl_Menu_@@B   004c711c     fltk:Fl_Menu.obj
 0003:00008120       ?p@@3PAUmenustate@@A       004c7120     fltk:Fl_Menu.obj
 0003:00008124       ?dummy@?1??popup@Fl_Menu_Item@@QBEPBU2@HHPBDPBU2@PBVFl_Menu_@@@Z@4U2@A 004c7124     fltk:Fl_Menu.obj
 0003:00008148       ?local_array@@3PAUFl_Menu_Item@@A 004c7148     fltk:Fl_Menu_add.obj
 0003:0000814c       ?local_array_alloc@@3HA    004c714c     fltk:Fl_Menu_add.obj
 0003:00008150       ?local_array_size@@3HA     004c7150     fltk:Fl_Menu_add.obj
 0003:00008154       ?buf@?1??fl_shortcut_label@@YAPBDIPAPBD@Z@4PADA 004c7154     fltk:fl_shortcut.obj
 0003:00008180       ?underline_at@@3PADA       004c7180     fltk:fl_draw.obj
 0003:00008184       ?local_buf@?1??expand_text_@@YAPBDPBDAAPADHNAAHAANHH@Z@4PADA 004c7184     fltk:fl_draw.obj
 0003:00008188       ?$TSS0@?1??expand_text_@@YAPBDPBDAAPADHNAAHAANHH@Z@4HA 004c7188     fltk:fl_draw.obj
 0003:0000818c       ?offcenter@?9??handle@Fl_Slider@@IAEHHHHHH@Z@4HA 004c718c     fltk:Fl_Slider.obj
 0003:00008190       ?cursor@?1??set_cursor@@YAXPAVFl_Tile@@W4Fl_Cursor@@@Z@4W43@A 004c7190     fltk:Fl_Tile.obj
 0003:00008194       ?sdrag@?1??handle@Fl_Tile@@UAEHH@Z@4HA 004c7194     fltk:Fl_Tile.obj
 0003:00008198       ?sdx@?1??handle@Fl_Tile@@UAEHH@Z@4HA 004c7198     fltk:Fl_Tile.obj
 0003:0000819c       ?sdy@?1??handle@Fl_Tile@@UAEHH@Z@4HA 004c719c     fltk:Fl_Tile.obj
 0003:000081a0       ?sx@?1??handle@Fl_Tile@@UAEHH@Z@4HA 004c71a0     fltk:Fl_Tile.obj
 0003:000081a4       ?sy@?1??handle@Fl_Tile@@UAEHH@Z@4HA 004c71a4     fltk:Fl_Tile.obj
 0003:000081a8       ?change@?1??handle@Fl_Browser_@@UAEHH@Z@4DA 004c71a8     fltk:Fl_Browser_.obj
 0003:000081a9       ?whichway@?1??handle@Fl_Browser_@@UAEHH@Z@4DA 004c71a9     fltk:Fl_Browser_.obj
 0003:000081ac       ?py@?1??handle@Fl_Browser_@@UAEHH@Z@4HA 004c71ac     fltk:Fl_Browser_.obj
 0003:000081b0       ?inButtonBar@?1??handle@Fl_File_Input@@UAEHH@Z@4DA 004c71b0     fltk:Fl_File_Input.obj
 0003:000081d0       ?undobuffer@@3PADA         004c71d0     fltk:Fl_Text_Buffer.obj
 0003:000081d4       ?undobufferlength@@3HA     004c71d4     fltk:Fl_Text_Buffer.obj
 0003:000081d8       ?undowidget@@3PAVFl_Text_Buffer@@A 004c71d8     fltk:Fl_Text_Buffer.obj
 0003:000081dc       ?undoat@@3HA               004c71dc     fltk:Fl_Text_Buffer.obj
 0003:000081e0       ?undocut@@3HA              004c71e0     fltk:Fl_Text_Buffer.obj
 0003:000081e4       ?undoinsert@@3HA           004c71e4     fltk:Fl_Text_Buffer.obj
 0003:000081e8       ?undoyankcut@@3HA          004c71e8     fltk:Fl_Text_Buffer.obj
 0003:000081f4       ?ncolors@@3HA              004c71f4     fltk:fl_draw_pixmap.obj
 0003:000081f8       ?chars_per_pixel@@3HA      004c71f8     fltk:fl_draw_pixmap.obj
 0003:000081fc       ?color_count@@3HA          004c71fc     fltk:fl_draw_pixmap.obj
 0003:00008200       ?used_colors@@3PAUUsedColor@@A 004c7200     fltk:fl_draw_pixmap.obj
 0003:00008204       ?table@?1??XUtf8Toupper@@9@9 004c7204     fltk:case.obj
 0003:00008208       ?symbols@@3PAUSYMBOL@@A    004c7208     fltk:fl_symbols.obj
 0003:00008bec       ?beenhere@?1??fl_init_symbols@@YAXXZ@4DA 004c7bec     fltk:fl_symbols.obj
 0003:00008bed       ?SWAP_TYPE@@3DA            004c7bed     fltk_gl:Fl_Gl_Window.obj
 0003:00008bf0       ?ortho_context@?CO@??flush@Fl_Gl_Window@@UAEXXZ@4PAUHGLRC__@@A 004c7bf0     fltk_gl:Fl_Gl_Window.obj
 0003:00008bf4       ?ortho_window@?CO@??flush@Fl_Gl_Window@@UAEXXZ@4PAV2@A 004c7bf4     fltk_gl:Fl_Gl_Window.obj
 0003:00008bf8       ?first@@3PAVFl_Gl_Choice@@A 004c7bf8     fltk_gl:Fl_Gl_Choice.obj
 0003:00008bfc       ?context_list@@3PAPAUHGLRC__@@A 004c7bfc     fltk_gl:Fl_Gl_Choice.obj
 0003:00008c00       ?nContext@@3HA             004c7c00     fltk_gl:Fl_Gl_Choice.obj
 0003:00008c04       ?NContext@@3HA             004c7c04     fltk_gl:Fl_Gl_Choice.obj
 0003:00008c08       ?cached_context@@3PAUHGLRC__@@A 004c7c08     fltk_gl:Fl_Gl_Choice.obj
 0003:00008c0c       ?cached_window@@3PAVFl_Window@@A 004c7c0c     fltk_gl:Fl_Gl_Choice.obj
 0003:00008c14       ?Gl_Device_Plugin@@3VFl_Gl_Device_Plugin@@A 004c7c14     fltk_gl:Fl_Gl_Device_Plugin.obj
 0003:00008c1c       ?gl_fontsize@@3PAVFl_Font_Descriptor@@A 004c7c1c     fltk_gl:gl_draw.obj
 0003:00008c20       ?buf@?1??gl_draw@@YAXPBDH@Z@4PA_WA 004c7c20     fltk_gl:gl_draw.obj
 0003:00008c24       ?l@?1??gl_draw@@YAXPBDH@Z@4HA 004c7c24     fltk_gl:gl_draw.obj
 0003:00008c30       ?module_local_atexit_table@@3U_onexit_table_t@@A 004c7c30     MSVCRT:utility.obj
 0003:00008c3c       ?module_local_at_quick_exit_table@@3U_onexit_table_t@@A 004c7c3c     MSVCRT:utility.obj
 0003:00008c48       ?is_initialized_as_dll@@3_NA 004c7c48     MSVCRT:utility.obj
 0003:00008c4c       ?_Tss_mutex@@3U_RTL_CRITICAL_SECTION@@A 004c7c4c     MSVCRT:thread_safe_statics.obj
 0003:00008c64       ?_Tss_cv@@3U_RTL_CONDITION_VARIABLE@@A 004c7c64     MSVCRT:thread_safe_statics.obj
 0003:00008c68       ?_Tss_event@@3PAXA         004c7c68     MSVCRT:thread_safe_statics.obj
 0003:00008c6c       ?encoded_sleep_condition_variable_cs@@3P6GHPAU_RTL_CONDITION_VARIABLE@@PAU_RTL_CRITICAL_SECTION@@K@ZA 004c7c6c     MSVCRT:thread_safe_statics.obj
 0003:00008c70       ?encoded_wake_all_condition_variable@@3P6GXPAU_RTL_CONDITION_VARIABLE@@@ZA 004c7c70     MSVCRT:thread_safe_statics.obj
 0003:00008c78       _GS_ExceptionRecord        004c7c78     MSVCRT:gs_report.obj
 0003:00008cc8       _GS_ContextRecord          004c7cc8     MSVCRT:gs_report.obj
 0003:00008fa8       ?_Fac_head@std@@3PAU_Fac_node@1@A 004c7fa8     msvcprt:locale0_implib.obj
 0003:00008fac       ?_Fac_tidy_reg@std@@3U_Fac_tidy_reg_t@1@B 004c7fac     msvcprt:locale0_implib.obj
 0004:00000000       __guard_fids__             004c8000     MSVCRT:std_type_info_static.obj
 0004:00000004       __guard_fids__             004c8004     MSVCRT:thread_safe_statics.obj
 0004:00000008       __guard_fids_?__scrt_initialize_thread_safe_statics@@YAHXZ 004c8008     MSVCRT:thread_safe_statics.obj
 0004:0000000c       __guard_fids__             004c800c     MSVCRT:exe_main.obj
 0004:00000010       __guard_fids__             004c8010     MSVCRT:exe_main.obj
 0004:00000014       __guard_fids__             004c8014     MSVCRT:exe_main.obj
 0004:00000018       __guard_fids_?pre_c_initialization@@YAHXZ 004c8018     MSVCRT:exe_main.obj
 0004:00000020       __guard_fids__             004c8020     MSVCRT:throw_bad_alloc.obj
 0004:00000028       __guard_fids__             004c8028     MSVCRT:throw_bad_alloc.obj
 0004:00000030       __guard_fids__             004c8030     MSVCRT:throw_bad_alloc.obj
 0004:00000034       __guard_fids__             004c8034     MSVCRT:throw_bad_alloc.obj
 0004:00000038       __guard_fids__             004c8038     MSVCRT:throw_bad_alloc.obj
 0004:0000003c       __guard_fids__             004c803c     MSVCRT:throw_bad_alloc.obj
 0004:00000040       __guard_fids____scrt_set_unhandled_exception_filter 004c8040     MSVCRT:utility_desktop.obj
 0004:00000044       __guard_fids___except_handler4 004c8044     MSVCRT:_chandler4gs_.obj
 0004:00000048       __guard_fids__             004c8048     MSVCRT:guard_support.obj
 0004:0000004c       __guard_fids___guard_icall_checks_enforced 004c804c     MSVCRT:guard_support.obj
 0004:00000050       __guard_fids_??__E_Fac_tidy_reg@std@@YAXXZ 004c8050     msvcprt:locale0_implib.obj
 0004:00000054       __guard_fids__             004c8054     msvcprt:locale0_implib.obj
 0006:00000060       $R000000                   004ca060     * linker generated manifest res *
